Archive member included to satisfy reference by file (symbol)

../../../../Desktop/DaisyExamples/libDaisy//build\libdaisy.a(daisy_seed.o)
                              build/TestTFT.o (daisy::DaisySeed::StartAudio(void (*)(float const* const*, float**, unsigned int)))
../../../../Desktop/DaisyExamples/libDaisy//build\libdaisy.a(codec_ak4556.o)
                              ../../../../Desktop/DaisyExamples/libDaisy//build\libdaisy.a(daisy_seed.o) (daisy::Ak4556::Init(dsy_gpio_pin))
../../../../Desktop/DaisyExamples/libDaisy//build\libdaisy.a(codec_wm8731.o)
                              ../../../../Desktop/DaisyExamples/libDaisy//build\libdaisy.a(daisy_seed.o) (daisy::Wm8731::Init(daisy::Wm8731::Config const&, daisy::I2CHandle))
../../../../Desktop/DaisyExamples/libDaisy//build\libdaisy.a(sdram.o)
                              ../../../../Desktop/DaisyExamples/libDaisy//build\libdaisy.a(daisy_seed.o) (SdramHandle::Init())
../../../../Desktop/DaisyExamples/libDaisy//build\libdaisy.a(audio.o)
                              ../../../../Desktop/DaisyExamples/libDaisy//build\libdaisy.a(daisy_seed.o) (daisy::AudioHandle::Init(daisy::AudioHandle::Config const&, daisy::SaiHandle))
../../../../Desktop/DaisyExamples/libDaisy//build\libdaisy.a(logger.o)
                              build/TestTFT.o (daisy::Logger<(daisy::LoggerDestination)1>::StartLog(bool))
../../../../Desktop/DaisyExamples/libDaisy//build\libdaisy.a(usb.o)
                              ../../../../Desktop/DaisyExamples/libDaisy//build\libdaisy.a(logger.o) (daisy::UsbHandle::Init(daisy::UsbHandle::UsbPeriph))
../../../../Desktop/DaisyExamples/libDaisy//build\libdaisy.a(gpio.o)
                              build/TFT_SPI.o (daisy::GPIO::Init(daisy::Pin, daisy::GPIO::Mode, daisy::GPIO::Pull, daisy::GPIO::Speed))
../../../../Desktop/DaisyExamples/libDaisy//build\libdaisy.a(i2c.o)
                              ../../../../Desktop/DaisyExamples/libDaisy//build\libdaisy.a(daisy_seed.o) (daisy::I2CHandle::Init(daisy::I2CHandle::Config const&))
../../../../Desktop/DaisyExamples/libDaisy//build\libdaisy.a(qspi.o)
                              ../../../../Desktop/DaisyExamples/libDaisy//build\libdaisy.a(daisy_seed.o) (daisy::QSPIHandle::Init(daisy::QSPIHandle::Config const&))
../../../../Desktop/DaisyExamples/libDaisy//build\libdaisy.a(sai.o)
                              ../../../../Desktop/DaisyExamples/libDaisy//build\libdaisy.a(daisy_seed.o) (daisy::SaiHandle::Init(daisy::SaiHandle::Config const&))
../../../../Desktop/DaisyExamples/libDaisy//build\libdaisy.a(spi.o)
                              build/TFT_SPI.o (daisy::SpiHandle::Init(daisy::SpiHandle::Config const&))
../../../../Desktop/DaisyExamples/libDaisy//build\libdaisy.a(system.o)
                              ../../../../Desktop/DaisyExamples/libDaisy//build\libdaisy.a(daisy_seed.o) (daisy::System::DeInit())
../../../../Desktop/DaisyExamples/libDaisy//build\libdaisy.a(system_stm32h7xx.o)
                              build/startup_stm32h750xx.o (SystemInit)
../../../../Desktop/DaisyExamples/libDaisy//build\libdaisy.a(usbd_cdc_if.o)
                              ../../../../Desktop/DaisyExamples/libDaisy//build\libdaisy.a(usb.o) (CDC_Transmit_FS)
../../../../Desktop/DaisyExamples/libDaisy//build\libdaisy.a(usbd_conf.o)
                              ../../../../Desktop/DaisyExamples/libDaisy//build\libdaisy.a(system.o) (hpcd_USB_OTG_HS)
../../../../Desktop/DaisyExamples/libDaisy//build\libdaisy.a(usbd_desc.o)
                              ../../../../Desktop/DaisyExamples/libDaisy//build\libdaisy.a(usb.o) (HS_Desc)
../../../../Desktop/DaisyExamples/libDaisy//build\libdaisy.a(usbh_conf.o)
                              ../../../../Desktop/DaisyExamples/libDaisy//build\libdaisy.a(system.o) (hhcd_USB_OTG_HS)
../../../../Desktop/DaisyExamples/libDaisy//build\libdaisy.a(hal_map.o)
                              ../../../../Desktop/DaisyExamples/libDaisy//build\libdaisy.a(gpio.o) (dsy_hal_map_get_port)
../../../../Desktop/DaisyExamples/libDaisy//build\libdaisy.a(stm32h7xx_hal.o)
                              ../../../../Desktop/DaisyExamples/libDaisy//build\libdaisy.a(system.o) (HAL_Init)
../../../../Desktop/DaisyExamples/libDaisy//build\libdaisy.a(stm32h7xx_hal_cortex.o)
                              ../../../../Desktop/DaisyExamples/libDaisy//build\libdaisy.a(stm32h7xx_hal.o) (HAL_NVIC_SetPriorityGrouping)
../../../../Desktop/DaisyExamples/libDaisy//build\libdaisy.a(stm32h7xx_hal_dma.o)
                              ../../../../Desktop/DaisyExamples/libDaisy//build\libdaisy.a(i2c.o) (HAL_DMA_Init)
../../../../Desktop/DaisyExamples/libDaisy//build\libdaisy.a(stm32h7xx_hal_gpio.o)
                              ../../../../Desktop/DaisyExamples/libDaisy//build\libdaisy.a(sdram.o) (HAL_GPIO_Init)
../../../../Desktop/DaisyExamples/libDaisy//build\libdaisy.a(stm32h7xx_hal_hcd.o)
                              ../../../../Desktop/DaisyExamples/libDaisy//build\libdaisy.a(usbh_conf.o) (HAL_HCD_HC_Init)
[...]
Memory Configuration

Name             Origin             Length             Attributes
FLASH            0x08000000         0x00020000         xr
DTCMRAM          0x20000000         0x00020000         xrw
SRAM             0x24000000         0x00080000         xrw
RAM_D2           0x30000000         0x00048000         xrw
RAM_D3           0x38000000         0x00010000         xrw
BACKUP_SRAM      0x38800000         0x00001000         xrw
ITCMRAM          0x00000000         0x00010000         xrw
SDRAM            0xc0000000         0x04000000         xrw
QSPIFLASH        0x90000000         0x00800000         xr
*default*        0x00000000         0xffffffff

Linker script and memory map

LOAD c:/program files/daisytoolchain/bin/../lib/gcc/arm-none-eabi/10.2.1/thumb/v7e-m+dp/hard/crti.o
LOAD c:/program files/daisytoolchain/bin/../lib/gcc/arm-none-eabi/10.2.1/thumb/v7e-m+dp/hard/crtbegin.o
LOAD c:/program files/daisytoolchain/bin/../lib/gcc/arm-none-eabi/10.2.1/../../../../arm-none-eabi/lib/thumb/v7e-m+dp/hard/crt0.o
LOAD build/startup_stm32h750xx.o
LOAD build/TestTFT.o
LOAD build/TFT_SPI.o
LOAD build/Frame.o
LOAD build/GFX.o
LOAD ../../../../Desktop/DaisyExamples/libDaisy//build\libdaisy.a
LOAD c:/program files/daisytoolchain/bin/../lib/gcc/arm-none-eabi/10.2.1/../../../../arm-none-eabi/lib/thumb/v7e-m+dp/hard\libnosys.a
LOAD ../../../../Desktop/DaisyExamples/DaisySP//build\libdaisysp.a
LOAD c:/program files/daisytoolchain/bin/../lib/gcc/arm-none-eabi/10.2.1/../../../../arm-none-eabi/lib/thumb/v7e-m+dp/hard\libstdc++_nano.a
LOAD c:/program files/daisytoolchain/bin/../lib/gcc/arm-none-eabi/10.2.1/../../../../arm-none-eabi/lib/thumb/v7e-m+dp/hard\libm.a
LOAD c:/program files/daisytoolchain/bin/../lib/gcc/arm-none-eabi/10.2.1/../../../../arm-none-eabi/lib/thumb/v7e-m+dp/hard\libc_nano.a
START GROUP
LOAD c:/program files/daisytoolchain/bin/../lib/gcc/arm-none-eabi/10.2.1/thumb/v7e-m+dp/hard\libgcc.a
LOAD c:/program files/daisytoolchain/bin/../lib/gcc/arm-none-eabi/10.2.1/../../../../arm-none-eabi/lib/thumb/v7e-m+dp/hard\libc_nano.a
END GROUP
START GROUP
LOAD c:/program files/daisytoolchain/bin/../lib/gcc/arm-none-eabi/10.2.1/thumb/v7e-m+dp/hard\libgcc.a
LOAD c:/program files/daisytoolchain/bin/../lib/gcc/arm-none-eabi/10.2.1/../../../../arm-none-eabi/lib/thumb/v7e-m+dp/hard\libc_nano.a
LOAD c:/program files/daisytoolchain/bin/../lib/gcc/arm-none-eabi/10.2.1/../../../../arm-none-eabi/lib/thumb/v7e-m+dp/hard\libnosys.a
END GROUP
START GROUP
LOAD c:/program files/daisytoolchain/bin/../lib/gcc/arm-none-eabi/10.2.1/thumb/v7e-m+dp/hard\libgcc.a
LOAD c:/program files/daisytoolchain/bin/../lib/gcc/arm-none-eabi/10.2.1/../../../../arm-none-eabi/lib/thumb/v7e-m+dp/hard\libc_nano.a
LOAD c:/program files/daisytoolchain/bin/../lib/gcc/arm-none-eabi/10.2.1/../../../../arm-none-eabi/lib/thumb/v7e-m+dp/hard\libnosys.a
END GROUP
LOAD c:/program files/daisytoolchain/bin/../lib/gcc/arm-none-eabi/10.2.1/thumb/v7e-m+dp/hard/crtend.o
LOAD c:/program files/daisytoolchain/bin/../lib/gcc/arm-none-eabi/10.2.1/thumb/v7e-m+dp/hard/crtn.o
                0x20020000                _estack = 0x20020000

.isr_vector     0x08000000      0x298
                0x08000000                . = ALIGN (0x4)
 *(.isr_vector)
 .isr_vector    0x08000000      0x298 build/startup_stm32h750xx.o
                0x08000000                g_pfnVectors
                0x08000298                . = ALIGN (0x4)

.text           0x080002a0    0x1dda4
                0x080002a0                . = ALIGN (0x4)
                0x080002a0                _stext = .
 *(.text)
 .text          0x080002a0       0x40 c:/program files/daisytoolchain/bin/../lib/gcc/arm-none-eabi/10.2.1/thumb/v7e-m+dp/hard/crtbegin.o
 .text          0x080002e0       0xa0 c:/program files/daisytoolchain/bin/../lib/gcc/arm-none-eabi/10.2.1/../../../../arm-none-eabi/lib/thumb/v7e-m+dp/hard\libc_nano.a(lib_a-memchr.o)
                0x080002e0                memchr
 .text          0x08000380       0x30 c:/program files/daisytoolchain/bin/../lib/gcc/arm-none-eabi/10.2.1/thumb/v7e-m+dp/hard\libgcc.a(_aeabi_uldivmod.o)
                0x08000380                __aeabi_uldivmod
 .text          0x080003b0      0x2d0 c:/program files/daisytoolchain/bin/../lib/gcc/arm-none-eabi/10.2.1/thumb/v7e-m+dp/hard\libgcc.a(_udivmoddi4.o)
                0x080003b0                __udivmoddi4
 .text          0x08000680        0x4 c:/program files/daisytoolchain/bin/../lib/gcc/arm-none-eabi/10.2.1/thumb/v7e-m+dp/hard\libgcc.a(_dvmd_tls.o)
                0x08000680                __aeabi_idiv0
                0x08000680                __aeabi_ldiv0
 *(.text*)
 .text.Default_Handler
                0x08000684        0x4 build/startup_stm32h750xx.o
                0x08000684                RTC_Alarm_IRQHandler
                0x08000684                HASH_RNG_IRQHandler
                0x08000684                EXTI2_IRQHandler
                0x08000684                TIM8_CC_IRQHandler
                0x08000684                HRTIM1_Master_IRQHandler
                0x08000684                DebugMon_Handler
                0x08000684                TIM1_CC_IRQHandler
                0x08000684                BDMA_Channel6_IRQHandler
                0x08000684                DMA2_Stream5_IRQHandler
                0x08000684                HRTIM1_FLT_IRQHandler
                0x08000684                JPEG_IRQHandler
                0x08000684                BDMA_Channel1_IRQHandler
                0x08000684                HRTIM1_TIMD_IRQHandler
                0x08000684                TAMP_STAMP_IRQHandler
                0x08000684                PendSV_Handler
                0x08000684                NMI_Handler
                0x08000684                EXTI3_IRQHandler
                0x08000684                LPTIM4_IRQHandler
                0x08000684                TIM8_TRG_COM_TIM14_IRQHandler
                0x08000684                LPTIM2_IRQHandler
                0x08000684                DFSDM1_FLT1_IRQHandler
                0x08000684                DMAMUX2_OVR_IRQHandler
                0x08000684                TIM8_UP_TIM13_IRQHandler
                0x08000684                I2C3_ER_IRQHandler
                0x08000684                DFSDM1_FLT2_IRQHandler
                0x08000684                MDMA_IRQHandler
                0x08000684                LPTIM3_IRQHandler
                0x08000684                HSEM1_IRQHandler
                0x08000684                EXTI0_IRQHandler
                0x08000684                DMA1_Stream2_IRQHandler
                0x08000684                FPU_IRQHandler
                0x08000684                OTG_HS_WKUP_IRQHandler
                0x08000684                FDCAN1_IT1_IRQHandler
                0x08000684                UsageFault_Handler
                0x08000684                LTDC_ER_IRQHandler
                0x08000684                HRTIM1_TIME_IRQHandler
                0x08000684                TIM6_DAC_IRQHandler
                0x08000684                DCMI_IRQHandler
                0x08000684                HRTIM1_TIMC_IRQHandler
                0x08000684                SAI2_IRQHandler
                0x08000684                DFSDM1_FLT3_IRQHandler
                0x08000684                TIM17_IRQHandler
                0x08000684                CRYP_IRQHandler
                0x08000684                BDMA_Channel7_IRQHandler
                0x08000684                LPTIM5_IRQHandler
                0x08000684                ADC3_IRQHandler
                0x08000684                DMA2_Stream0_IRQHandler
                0x08000684                BDMA_Channel2_IRQHandler
                0x08000684                DMAMUX1_OVR_IRQHandler
                0x08000684                TIM16_IRQHandler
                0x08000684                BDMA_Channel5_IRQHandler
                0x08000684                RCC_IRQHandler
                0x08000684                TIM8_BRK_TIM12_IRQHandler
                0x08000684                TIM1_TRG_COM_IRQHandler
                0x08000684                Default_Handler
                0x08000684                ECC_IRQHandler
                0x08000684                CEC_IRQHandler
                0x08000684                EXTI15_10_IRQHandler
                0x08000684                BDMA_Channel0_IRQHandler
                0x08000684                ADC_IRQHandler
                0x08000684                DMA1_Stream7_IRQHandler
                0x08000684                HRTIM1_TIMA_IRQHandler
                0x08000684                TIM7_IRQHandler
                0x08000684                SDMMC1_IRQHandler
                0x08000684                DMA2_Stream7_IRQHandler
                0x08000684                TIM15_IRQHandler
                0x08000684                PVD_AVD_IRQHandler
                0x08000684                EXTI9_5_IRQHandler
                0x08000684                RTC_WKUP_IRQHandler
                0x08000684                LTDC_IRQHandler
                0x08000684                SAI3_IRQHandler
                0x08000684                ETH_WKUP_IRQHandler
                0x08000684                SPDIF_RX_IRQHandler
                0x08000684                MemManage_Handler
                0x08000684                SVC_Handler
                0x08000684                CRS_IRQHandler
                0x08000684                EXTI4_IRQHandler
                0x08000684                HRTIM1_TIMB_IRQHandler
                0x08000684                FDCAN2_IT1_IRQHandler
                0x08000684                ETH_IRQHandler
                0x08000684                TIM1_UP_IRQHandler
                0x08000684                BDMA_Channel4_IRQHandler
                0x08000684                WWDG_IRQHandler
                0x08000684                SPI6_IRQHandler
                0x08000684                I2C4_EV_IRQHandler
                0x08000684                MDIOS_IRQHandler
                0x08000684                FDCAN2_IT0_IRQHandler
                0x08000684                FDCAN1_IT0_IRQHandler
                0x08000684                OTG_FS_WKUP_IRQHandler
                0x08000684                DMA2D_IRQHandler
                0x08000684                TIM1_BRK_IRQHandler
                0x08000684                EXTI1_IRQHandler
                0x08000684                SDMMC2_IRQHandler
                0x08000684                BDMA_Channel3_IRQHandler
                0x08000684                MDIOS_WKUP_IRQHandler
                0x08000684                DFSDM1_FLT0_IRQHandler
                0x08000684                SAI4_IRQHandler
                0x08000684                I2C2_ER_IRQHandler
                0x08000684                DMA2_Stream1_IRQHandler
                0x08000684                FLASH_IRQHandler
                0x08000684                BusFault_Handler
                0x08000684                WAKEUP_PIN_IRQHandler
                0x08000684                I2C1_ER_IRQHandler
                0x08000684                FMC_IRQHandler
                0x08000684                FDCAN_CAL_IRQHandler
                0x08000684                SWPMI1_IRQHandler
                0x08000684                COMP1_IRQHandler
                0x08000684                LPTIM1_IRQHandler
                0x08000684                I2C4_ER_IRQHandler
                0x08000684                DMA2_Stream6_IRQHandler
                0x08000684                SAI1_IRQHandler
 .text.Reset_Handler
                0x08000688       0x44 build/startup_stm32h750xx.o
                0x08000688                Reset_Handler
 .text._ZN5daisy9DaisySeedD2Ev
                0x080006cc        0x4 build/TestTFT.o
                0x080006cc                daisy::DaisySeed::~DaisySeed()
                0x080006cc                daisy::DaisySeed::~DaisySeed()
 .text._Z13AudioCallbackPKPKfPPfj
                0x080006d0       0x2c build/TestTFT.o
                0x080006d0                AudioCallback(float const* const*, float**, unsigned int)
 .text.startup.main
                0x080006fc      0x3bc build/TestTFT.o
                0x080006fc                main
 .text.startup._GLOBAL__sub_I_hw
                0x08000ab8       0xbc build/TestTFT.o
 .text._ZN7TFT_SPI17ST7789_InitialiseEv
                0x08000b74      0x8d8 build/TFT_SPI.o
                0x08000b74                TFT_SPI::ST7789_Initialise()
 .text._ZN7TFT_SPI12Init_TFT_SPIEv
                0x0800144c       0xa4 build/TFT_SPI.o
                0x0800144c                TFT_SPI::Init_TFT_SPI()
 .text._ZN7TFT_SPI14setTFTRotationE8Rotation
                0x080014f0       0x6c build/TFT_SPI.o
                0x080014f0                TFT_SPI::setTFTRotation(Rotation)
 .text._ZN10cRBG_Frame16sendRASETDMADataEPvN5daisy9SpiHandle6ResultE
                0x0800155c       0x38 build/Frame.o
                0x0800155c                cRBG_Frame::sendRASETDMAData(void*, daisy::SpiHandle::Result)
 .text._ZN10cRBG_Frame6endDMAEPvN5daisy9SpiHandle6ResultE
                0x08001594       0x60 build/Frame.o
                0x08001594                cRBG_Frame::endDMA(void*, daisy::SpiHandle::Result)
 .text._ZN10cRBG_Frame16sendRAWWRDMADataEPvN5daisy9SpiHandle6ResultE
                0x080015f4       0x40 build/Frame.o
                0x080015f4                cRBG_Frame::sendRAWWRDMAData(void*, daisy::SpiHandle::Result)
 .text._ZN10cRBG_Frame16sendCASETDMADataEPvN5daisy9SpiHandle6ResultE
                0x08001634       0x38 build/Frame.o
                0x08001634                cRBG_Frame::sendCASETDMAData(void*, daisy::SpiHandle::Result)
 .text._ZN10cRBG_Frame15sendRAWWRDMACmdEPvN5daisy9SpiHandle6ResultE
                0x0800166c       0x3c build/Frame.o
                0x0800166c                cRBG_Frame::sendRAWWRDMACmd(void*, daisy::SpiHandle::Result)
 .text._ZN10cRBG_Frame15sendRASETDMACmdEPvN5daisy9SpiHandle6ResultE
                0x080016a8       0x38 build/Frame.o
                0x080016a8                cRBG_Frame::sendRASETDMACmd(void*, daisy::SpiHandle::Result)
 .text._ZN9Cmd_RAMWR7setDataEttttP10cRBG_Frame
                0x080016e0       0xb8 build/Frame.o
                0x080016e0                Cmd_RAMWR::setData(unsigned short, unsigned short, unsigned short, unsigned short, cRBG_Frame*)
 .text._ZN10cRBG_Frame7AddBlocEtt.part.0
                0x08001798       0xac build/Frame.o
 .text._ZN10cRBG_Frame10FlushFrameEv
                0x08001844       0xcc build/Frame.o
                0x08001844                cRBG_Frame::FlushFrame()
 .text._ZN10cRBG_Frame9InitBlocsEv
                0x08001910       0x9c build/Frame.o
                0x08001910                cRBG_Frame::InitBlocs()
 .text._ZN10cRBG_Frame8setFrameEP3RGBP9FIFO_Datatt
                0x080019ac       0x58 build/Frame.o
                0x080019ac                cRBG_Frame::setFrame(RGB*, FIFO_Data*, unsigned short, unsigned short)
 .text._ZN10cRBG_Frame16setFrameRotationE8Rotation
                0x08001a04       0x6c build/Frame.o
                0x08001a04                cRBG_Frame::setFrameRotation(Rotation)
 .text._ZN5cFontC2EPK7GFXfont
                0x08001a70       0x54 build/GFX.o
                0x08001a70                cFont::cFont(GFXfont const*)
                0x08001a70                cFont::cFont(GFXfont const*)
 .text._ZN4cGFX12drawFillRectEttss6cColor
                0x08001ac4       0xc0 build/GFX.o
                0x08001ac4                cGFX::drawFillRect(unsigned short, unsigned short, short, short, cColor)
 .text._ZN4cGFX8drawLineEtttt6cColor
                0x08001b84      0x25c build/GFX.o
                0x08001b84                cGFX::drawLine(unsigned short, unsigned short, unsigned short, unsigned short, cColor)
 .text._ZN4cGFX8drawRectEttss6cColor
                0x08001de0       0x78 build/GFX.o
                0x08001de0                cGFX::drawRect(unsigned short, unsigned short, short, short, cColor)
 .text._ZN4cGFX10drawCircleEttt6cColor
                0x08001e58      0x204 build/GFX.o
                0x08001e58                cGFX::drawCircle(unsigned short, unsigned short, unsigned short, cColor)
 .text._ZN4cGFX14drawFillCircleEttt6cColor
                0x0800205c      0x1b0 build/GFX.o
                0x0800205c                cGFX::drawFillCircle(unsigned short, unsigned short, unsigned short, cColor)
 .text._ZN4cGFX15drawR8G8B8ImageEttttPKh
                0x0800220c       0xb4 build/GFX.o
                0x0800220c                cGFX::drawR8G8B8Image(unsigned short, unsigned short, unsigned short, unsigned short, unsigned char const*)
 .text._ZN4cGFX8drawCharEcb
                0x080022c0      0x144 build/GFX.o
                0x080022c0                cGFX::drawChar(char, bool)
 .text._ZN4cGFX8drawTextEPKcb
                0x08002404       0x8c build/GFX.o
                0x08002404                cGFX::drawText(char const*, bool)
 .text._ZN4cGFX13drawTransTextEPKcb
                0x08002490       0x1c build/GFX.o
                0x08002490                cGFX::drawTransText(char const*, bool)
 .text._ZN5daisy9DaisySeed10StartAudioEPFvPKPKfPPfjE
                0x080024ac        0x8 ../../../../Desktop/DaisyExamples/libDaisy//build\libdaisy.a(daisy_seed.o)
                0x080024ac                daisy::DaisySeed::StartAudio(void (*)(float const* const*, float**, unsigned int))
 .text._ZN5daisy9DaisySeed18SetAudioSampleRateENS_9SaiHandle6Config10SampleRateE
                0x080024b4       0x38 ../../../../Desktop/DaisyExamples/libDaisy//build\libdaisy.a(daisy_seed.o)
                0x080024b4                daisy::DaisySeed::SetAudioSampleRate(daisy::SaiHandle::Config::SampleRate)
 .text._ZN5daisy9DaisySeed17SetAudioBlockSizeEj
                0x080024ec       0x38 ../../../../Desktop/DaisyExamples/libDaisy//build\libdaisy.a(daisy_seed.o)
                0x080024ec                daisy::DaisySeed::SetAudioBlockSize(unsigned int)
 .text._ZN5daisy9DaisySeed17CheckBoardVersionEv
                0x08002524       0x6c ../../../../Desktop/DaisyExamples/libDaisy//build\libdaisy.a(daisy_seed.o)
                0x08002524                daisy::DaisySeed::CheckBoardVersion()
 .text._ZN5daisy9DaisySeed14ConfigureAudioEv
                0x08002590      0x10c ../../../../Desktop/DaisyExamples/libDaisy//build\libdaisy.a(daisy_seed.o)
                0x08002590                daisy::DaisySeed::ConfigureAudio()
 .text._ZN5daisy9DaisySeed4InitEb
                0x0800269c      0x108 ../../../../Desktop/DaisyExamples/libDaisy//build\libdaisy.a(daisy_seed.o)
                0x0800269c                daisy::DaisySeed::Init(bool)
 .text._ZN5daisy6Ak45564InitE12dsy_gpio_pin
                0x080027a4       0x44 ../../../../Desktop/DaisyExamples/libDaisy//build\libdaisy.a(codec_ak4556.o)
                0x080027a4                daisy::Ak4556::Init(dsy_gpio_pin)
 .text._ZN5daisy6Wm873120WriteControlRegisterEht
                0x080027e8       0x3c ../../../../Desktop/DaisyExamples/libDaisy//build\libdaisy.a(codec_wm8731.o)
                0x080027e8                daisy::Wm8731::WriteControlRegister(unsigned char, unsigned short)
 .text._ZN5daisy6Wm87314InitERKNS0_6ConfigENS_9I2CHandleE
                0x08002824      0x1bc ../../../../Desktop/DaisyExamples/libDaisy//build\libdaisy.a(codec_wm8731.o)
                0x08002824                daisy::Wm8731::Init(daisy::Wm8731::Config const&, daisy::I2CHandle)
 .text._ZN11SdramHandle10DeviceInitEv
                0x080029e0       0x98 ../../../../Desktop/DaisyExamples/libDaisy//build\libdaisy.a(sdram.o)
                0x080029e0                SdramHandle::DeviceInit()
 .text._ZN11SdramHandle4InitEv
                0x08002a78       0x7c ../../../../Desktop/DaisyExamples/libDaisy//build\libdaisy.a(sdram.o)
                0x08002a78                SdramHandle::Init()
 .text.HAL_SDRAM_MspInit
                0x08002af4      0x1a8 ../../../../Desktop/DaisyExamples/libDaisy//build\libdaisy.a(sdram.o)
                0x08002af4                HAL_SDRAM_MspInit
 .text._ZN5daisy11AudioHandle4Impl16InternalCallbackEPlS2_j
                0x08002c9c      0xbbc ../../../../Desktop/DaisyExamples/libDaisy//build\libdaisy.a(audio.o)
                0x08002c9c                daisy::AudioHandle::Impl::InternalCallback(long*, long*, unsigned int)
 .text._ZN5daisy11AudioHandle4InitERKNS0_6ConfigENS_9SaiHandleE
                0x08003858       0x70 ../../../../Desktop/DaisyExamples/libDaisy//build\libdaisy.a(audio.o)
                0x08003858                daisy::AudioHandle::Init(daisy::AudioHandle::Config const&, daisy::SaiHandle)
 .text._ZNK5daisy11AudioHandle9GetConfigEv
                0x080038c8        0x8 ../../../../Desktop/DaisyExamples/libDaisy//build\libdaisy.a(audio.o)
                0x080038c8                daisy::AudioHandle::GetConfig() const
 .text._ZN5daisy11AudioHandle12SetBlockSizeEj
                0x080038d0       0x1c ../../../../Desktop/DaisyExamples/libDaisy//build\libdaisy.a(audio.o)
                0x080038d0                daisy::AudioHandle::SetBlockSize(unsigned int)
 .text._ZN5daisy11AudioHandle13GetSampleRateEv
                0x080038ec        0x8 ../../../../Desktop/DaisyExamples/libDaisy//build\libdaisy.a(audio.o)
                0x080038ec                daisy::AudioHandle::GetSampleRate()
 .text._ZN5daisy11AudioHandle13SetSampleRateENS_9SaiHandle6Config10SampleRateE
                0x080038f4       0x88 ../../../../Desktop/DaisyExamples/libDaisy//build\libdaisy.a(audio.o)
                0x080038f4                daisy::AudioHandle::SetSampleRate(daisy::SaiHandle::Config::SampleRate)
 .text._ZN5daisy11AudioHandle5StartEPFvPKPKfPPfjE
                0x0800397c       0x44 ../../../../Desktop/DaisyExamples/libDaisy//build\libdaisy.a(audio.o)
                0x0800397c                daisy::AudioHandle::Start(void (*)(float const* const*, float**, unsigned int))
 .text.startup._GLOBAL__sub_I__ZN5daisy11AudioHandle4Impl4InitENS0_6ConfigENS_9SaiHandleE
                0x080039c0       0x24 ../../../../Desktop/DaisyExamples/libDaisy//build\libdaisy.a(audio.o)
 .text._ZN5daisy9UsbHandleD2Ev
                0x080039e4        0x4 ../../../../Desktop/DaisyExamples/libDaisy//build\libdaisy.a(logger.o)
                0x080039e4                daisy::UsbHandle::~UsbHandle()
                0x080039e4                daisy::UsbHandle::~UsbHandle()
 .text._ZN5daisy6LoggerILNS_17LoggerDestinationE1EE11TransmitBufEv
                0x080039e8       0x60 ../../../../Desktop/DaisyExamples/libDaisy//build\libdaisy.a(logger.o)
                0x080039e8                daisy::Logger<(daisy::LoggerDestination)1>::TransmitBuf()
 .text._ZN5daisy6LoggerILNS_17LoggerDestinationE1EE13AppendNewLineEv
                0x08003a48       0x60 ../../../../Desktop/DaisyExamples/libDaisy//build\libdaisy.a(logger.o)
                0x08003a48                daisy::Logger<(daisy::LoggerDestination)1>::AppendNewLine()
 .text._ZN5daisy6LoggerILNS_17LoggerDestinationE1EE10PrintLineVEPKcSt9__va_list
                0x08003aa8       0x30 ../../../../Desktop/DaisyExamples/libDaisy//build\libdaisy.a(logger.o)
                0x08003aa8                daisy::Logger<(daisy::LoggerDestination)1>::PrintLineV(char const*, std::__va_list)
 .text._ZN5daisy6LoggerILNS_17LoggerDestinationE1EE9PrintLineEPKcz
                0x08003ad8       0x1c ../../../../Desktop/DaisyExamples/libDaisy//build\libdaisy.a(logger.o)
                0x08003ad8                daisy::Logger<(daisy::LoggerDestination)1>::PrintLine(char const*, ...)
 .text._ZN5daisy6LoggerILNS_17LoggerDestinationE1EE8StartLogEb
                0x08003af4       0x40 ../../../../Desktop/DaisyExamples/libDaisy//build\libdaisy.a(logger.o)
                0x08003af4                daisy::Logger<(daisy::LoggerDestination)1>::StartLog(bool)
 .text.startup._GLOBAL__sub_I__ZN5daisy10LoggerImplILNS_17LoggerDestinationE1EE11usb_handle_E
                0x08003b34       0x2c ../../../../Desktop/DaisyExamples/libDaisy//build\libdaisy.a(logger.o)
 .text.DummyRxCallback
                0x08003b60        0x4 ../../../../Desktop/DaisyExamples/libDaisy//build\libdaisy.a(usb.o)
                0x08003b60                DummyRxCallback
 .text._ZN5daisy9UsbHandle4InitENS0_9UsbPeriphE
                0x08003b64      0x10c ../../../../Desktop/DaisyExamples/libDaisy//build\libdaisy.a(usb.o)
                0x08003b64                daisy::UsbHandle::Init(daisy::UsbHandle::UsbPeriph)
 .text._ZN5daisy9UsbHandle16TransmitInternalEPhj
                0x08003c70       0x14 ../../../../Desktop/DaisyExamples/libDaisy//build\libdaisy.a(usb.o)
                0x08003c70                daisy::UsbHandle::TransmitInternal(unsigned char*, unsigned int)
 .text.OTG_FS_EP1_OUT_IRQHandler
                0x08003c84        0xc ../../../../Desktop/DaisyExamples/libDaisy//build\libdaisy.a(usb.o)
                0x08003c84                OTG_FS_EP1_OUT_IRQHandler
 .text.OTG_FS_EP1_IN_IRQHandler
                0x08003c90        0xc ../../../../Desktop/DaisyExamples/libDaisy//build\libdaisy.a(usb.o)
                0x08003c90                OTG_FS_EP1_IN_IRQHandler
 .text.OTG_FS_IRQHandler
                0x08003c9c        0xc ../../../../Desktop/DaisyExamples/libDaisy//build\libdaisy.a(usb.o)
                0x08003c9c                OTG_FS_IRQHandler
 .text._ZN5daisy4GPIO4InitENS_3PinENS0_4ModeENS0_4PullENS0_5SpeedE
                0x08003ca8      0x1cc ../../../../Desktop/DaisyExamples/libDaisy//build\libdaisy.a(gpio.o)
                0x08003ca8                daisy::GPIO::Init(daisy::Pin, daisy::GPIO::Mode, daisy::GPIO::Pull, daisy::GPIO::Speed)
 .text._ZN5daisy4GPIO4ReadEv
                0x08003e74       0x18 ../../../../Desktop/DaisyExamples/libDaisy//build\libdaisy.a(gpio.o)
                0x08003e74                daisy::GPIO::Read()
 .text._ZN5daisy4GPIO5WriteEb
                0x08003e8c       0x14 ../../../../Desktop/DaisyExamples/libDaisy//build\libdaisy.a(gpio.o)
                0x08003e8c                daisy::GPIO::Write(bool)
 .text.dsy_gpio_init
                0x08003ea0      0x1b8 ../../../../Desktop/DaisyExamples/libDaisy//build\libdaisy.a(gpio.o)
                0x08003ea0                dsy_gpio_init
 .text.dsy_gpio_write
                0x08004058       0x24 ../../../../Desktop/DaisyExamples/libDaisy//build\libdaisy.a(gpio.o)
                0x08004058                dsy_gpio_write
 .text._ZN5daisy9I2CHandle4Impl8InitPinsEv
                0x0800407c       0x58 ../../../../Desktop/DaisyExamples/libDaisy//build\libdaisy.a(i2c.o)
                0x0800407c                daisy::I2CHandle::Impl::InitPins()
 .text.HAL_I2C_MspInit
                0x080040d4      0x1b4 ../../../../Desktop/DaisyExamples/libDaisy//build\libdaisy.a(i2c.o)
                0x080040d4                HAL_I2C_MspInit
 .text.dsy_i2c_global_init
                0x08004288       0x78 ../../../../Desktop/DaisyExamples/libDaisy//build\libdaisy.a(i2c.o)
                0x08004288                dsy_i2c_global_init
 .text.DMA1_Stream6_IRQHandler
                0x08004300       0x34 ../../../../Desktop/DaisyExamples/libDaisy//build\libdaisy.a(i2c.o)
                0x08004300                DMA1_Stream6_IRQHandler
 .text.I2C1_EV_IRQHandler
                0x08004334        0xc ../../../../Desktop/DaisyExamples/libDaisy//build\libdaisy.a(i2c.o)
                0x08004334                I2C1_EV_IRQHandler
 .text.I2C2_EV_IRQHandler
                0x08004340        0xc ../../../../Desktop/DaisyExamples/libDaisy//build\libdaisy.a(i2c.o)
                0x08004340                I2C2_EV_IRQHandler
 .text.I2C3_EV_IRQHandler
                0x0800434c        0xc ../../../../Desktop/DaisyExamples/libDaisy//build\libdaisy.a(i2c.o)
                0x0800434c                I2C3_EV_IRQHandler
 .text._ZN5daisy9I2CHandle4InitERKNS0_6ConfigE
                0x08004358      0x12c ../../../../Desktop/DaisyExamples/libDaisy//build\libdaisy.a(i2c.o)
                0x08004358                daisy::I2CHandle::Init(daisy::I2CHandle::Config const&)
 .text._ZN5daisy9I2CHandle16TransmitBlockingEtPhtm
                0x08004484       0x50 ../../../../Desktop/DaisyExamples/libDaisy//build\libdaisy.a(i2c.o)
                0x08004484                daisy::I2CHandle::TransmitBlocking(unsigned short, unsigned char*, unsigned short, unsigned long)
 .text.startup._GLOBAL__sub_I__ZN5daisy9I2CHandle4Impl10GlobalInitEv
                0x080044d4       0x18 ../../../../Desktop/DaisyExamples/libDaisy//build\libdaisy.a(i2c.o)
 .text._ZN5daisy10QSPIHandle4Impl11WriteEnableEv
                0x080044ec       0x8c ../../../../Desktop/DaisyExamples/libDaisy//build\libdaisy.a(qspi.o)
                0x080044ec                daisy::QSPIHandle::Impl::WriteEnable()
 .text._ZN5daisy10QSPIHandle4Impl17DummyCyclesConfigENS0_6Config6DeviceE
                0x08004578      0x118 ../../../../Desktop/DaisyExamples/libDaisy//build\libdaisy.a(qspi.o)
                0x08004578                daisy::QSPIHandle::Impl::DummyCyclesConfig(daisy::QSPIHandle::Config::Device)
 .text._ZN5daisy10QSPIHandle4Impl10QuadEnableEv
                0x08004690      0x158 ../../../../Desktop/DaisyExamples/libDaisy//build\libdaisy.a(qspi.o)
                0x08004690                daisy::QSPIHandle::Impl::QuadEnable()
 .text._ZN5daisy10QSPIHandle4InitERKNS0_6ConfigE
                0x080047e8      0x198 ../../../../Desktop/DaisyExamples/libDaisy//build\libdaisy.a(qspi.o)
                0x080047e8                daisy::QSPIHandle::Init(daisy::QSPIHandle::Config const&)
 .text.HAL_QSPI_MspInit
                0x08004980      0x11c ../../../../Desktop/DaisyExamples/libDaisy//build\libdaisy.a(qspi.o)
                0x08004980                HAL_QSPI_MspInit
 .text.HAL_QSPI_MspDeInit
                0x08004a9c       0x54 ../../../../Desktop/DaisyExamples/libDaisy//build\libdaisy.a(qspi.o)
                0x08004a9c                HAL_QSPI_MspDeInit
 .text.QUADSPI_IRQHandler
                0x08004af0        0xc ../../../../Desktop/DaisyExamples/libDaisy//build\libdaisy.a(qspi.o)
                0x08004af0                QUADSPI_IRQHandler
 .text.startup._GLOBAL__sub_I__ZN5daisy10QSPIHandle4Impl4InitERKNS0_6ConfigE
                0x08004afc       0x28 ../../../../Desktop/DaisyExamples/libDaisy//build\libdaisy.a(qspi.o)
 .text._ZN5daisy9SaiHandle4Impl7InitDmaENS1_15PeripheralBlockE
                0x08004b24       0xa0 ../../../../Desktop/DaisyExamples/libDaisy//build\libdaisy.a(sai.o)
                0x08004b24                daisy::SaiHandle::Impl::InitDma(daisy::SaiHandle::Impl::PeripheralBlock)
 .text._ZN5daisy9SaiHandle4Impl8InitPinsEv
                0x08004bc4       0xa8 ../../../../Desktop/DaisyExamples/libDaisy//build\libdaisy.a(sai.o)
                0x08004bc4                daisy::SaiHandle::Impl::InitPins()
 .text.HAL_SAI_MspInit
                0x08004c6c      0x164 ../../../../Desktop/DaisyExamples/libDaisy//build\libdaisy.a(sai.o)
                0x08004c6c                HAL_SAI_MspInit
 .text.DMA1_Stream0_IRQHandler
                0x08004dd0        0xc ../../../../Desktop/DaisyExamples/libDaisy//build\libdaisy.a(sai.o)
                0x08004dd0                DMA1_Stream0_IRQHandler
 .text.DMA1_Stream1_IRQHandler
                0x08004ddc        0xc ../../../../Desktop/DaisyExamples/libDaisy//build\libdaisy.a(sai.o)
                0x08004ddc                DMA1_Stream1_IRQHandler
 .text.DMA1_Stream3_IRQHandler
                0x08004de8        0xc ../../../../Desktop/DaisyExamples/libDaisy//build\libdaisy.a(sai.o)
                0x08004de8                DMA1_Stream3_IRQHandler
 .text.DMA1_Stream4_IRQHandler
                0x08004df4        0xc ../../../../Desktop/DaisyExamples/libDaisy//build\libdaisy.a(sai.o)
                0x08004df4                DMA1_Stream4_IRQHandler
 .text.HAL_SAI_RxHalfCpltCallback
                0x08004e00       0x78 ../../../../Desktop/DaisyExamples/libDaisy//build\libdaisy.a(sai.o)
                0x08004e00                HAL_SAI_RxHalfCpltCallback
 .text.HAL_SAI_RxCpltCallback
                0x08004e78       0x70 ../../../../Desktop/DaisyExamples/libDaisy//build\libdaisy.a(sai.o)
                0x08004e78                HAL_SAI_RxCpltCallback
 .text._ZN5daisy9SaiHandle4InitERKNS0_6ConfigE
                0x08004ee8      0x1f0 ../../../../Desktop/DaisyExamples/libDaisy//build\libdaisy.a(sai.o)
                0x08004ee8                daisy::SaiHandle::Init(daisy::SaiHandle::Config const&)
 .text._ZNK5daisy9SaiHandle9GetConfigEv
                0x080050d8        0x4 ../../../../Desktop/DaisyExamples/libDaisy//build\libdaisy.a(sai.o)
                0x080050d8                daisy::SaiHandle::GetConfig() const
 .text._ZN5daisy9SaiHandle8StartDmaEPlS1_jPFvS1_S1_jE
                0x080050dc       0xbc ../../../../Desktop/DaisyExamples/libDaisy//build\libdaisy.a(sai.o)
                0x080050dc                daisy::SaiHandle::StartDma(long*, long*, unsigned int, void (*)(long*, long*, unsigned int))
 .text._ZN5daisy9SaiHandle13GetSampleRateEv
                0x08005198       0x24 ../../../../Desktop/DaisyExamples/libDaisy//build\libdaisy.a(sai.o)
                0x08005198                daisy::SaiHandle::GetSampleRate()
 .text._ZNK5daisy9SaiHandle9GetOffsetEv
                0x080051bc        0x8 ../../../../Desktop/DaisyExamples/libDaisy//build\libdaisy.a(sai.o)
                0x080051bc                daisy::SaiHandle::GetOffset() const
 .text._ZN5daisy9SpiHandle4Impl7InitDmaEv
                0x080051c4       0xec ../../../../Desktop/DaisyExamples/libDaisy//build\libdaisy.a(spi.o)
                0x080051c4                daisy::SpiHandle::Impl::InitDma()
 .text._ZN5daisy9SpiHandle4Impl10StartDmaTxEPhjPFvPvEPFvS3_NS0_6ResultEES3_
                0x080052b0       0xc8 ../../../../Desktop/DaisyExamples/libDaisy//build\libdaisy.a(spi.o)
                0x080052b0                daisy::SpiHandle::Impl::StartDmaTx(unsigned char*, unsigned int, void (*)(void*), void (*)(void*, daisy::SpiHandle::Result), void*)
 .text._ZN5daisy9SpiHandle4Impl10StartDmaRxEPhjPFvPvEPFvS3_NS0_6ResultEES3_
                0x08005378       0xc8 ../../../../Desktop/DaisyExamples/libDaisy//build\libdaisy.a(spi.o)
                0x08005378                daisy::SpiHandle::Impl::StartDmaRx(unsigned char*, unsigned int, void (*)(void*), void (*)(void*, daisy::SpiHandle::Result), void*)
 .text._ZN5daisy9SpiHandle4Impl12StartDmaRxTxEPhS2_jPFvPvEPFvS3_NS0_6ResultEES3_
                0x08005440       0xcc ../../../../Desktop/DaisyExamples/libDaisy//build\libdaisy.a(spi.o)
                0x08005440                daisy::SpiHandle::Impl::StartDmaRxTx(unsigned char*, unsigned char*, unsigned int, void (*)(void*), void (*)(void*, daisy::SpiHandle::Result), void*)
 .text._ZN5daisy9SpiHandle4Impl8InitPinsEv
                0x0800550c      0x274 ../../../../Desktop/DaisyExamples/libDaisy//build\libdaisy.a(spi.o)
                0x0800550c                daisy::SpiHandle::Impl::InitPins()
 .text.HAL_SPI_MspInit
                0x08005780      0x1a8 ../../../../Desktop/DaisyExamples/libDaisy//build\libdaisy.a(spi.o)
                0x08005780                HAL_SPI_MspInit
 .text.dsy_spi_global_init
                0x08005928       0x80 ../../../../Desktop/DaisyExamples/libDaisy//build\libdaisy.a(spi.o)
                0x08005928                dsy_spi_global_init
 .text.SPI1_IRQHandler
                0x080059a8        0xc ../../../../Desktop/DaisyExamples/libDaisy//build\libdaisy.a(spi.o)
                0x080059a8                SPI1_IRQHandler
 .text.SPI2_IRQHandler
                0x080059b4        0xc ../../../../Desktop/DaisyExamples/libDaisy//build\libdaisy.a(spi.o)
                0x080059b4                SPI2_IRQHandler
 .text.SPI3_IRQHandler
                0x080059c0        0xc ../../../../Desktop/DaisyExamples/libDaisy//build\libdaisy.a(spi.o)
                0x080059c0                SPI3_IRQHandler
 .text.SPI4_IRQHandler
                0x080059cc        0xc ../../../../Desktop/DaisyExamples/libDaisy//build\libdaisy.a(spi.o)
                0x080059cc                SPI4_IRQHandler
 .text.SPI5_IRQHandler
                0x080059d8        0xc ../../../../Desktop/DaisyExamples/libDaisy//build\libdaisy.a(spi.o)
                0x080059d8                SPI5_IRQHandler
 .text.DMA2_Stream2_IRQHandler
                0x080059e4       0x34 ../../../../Desktop/DaisyExamples/libDaisy//build\libdaisy.a(spi.o)
                0x080059e4                DMA2_Stream2_IRQHandler
 .text.DMA2_Stream3_IRQHandler
                0x08005a18       0x38 ../../../../Desktop/DaisyExamples/libDaisy//build\libdaisy.a(spi.o)
                0x08005a18                DMA2_Stream3_IRQHandler
 .text.HAL_SPI_TxCpltCallback
                0x08005a50       0xc4 ../../../../Desktop/DaisyExamples/libDaisy//build\libdaisy.a(spi.o)
                0x08005a50                HAL_SPI_TxCpltCallback
 .text.HAL_SPI_RxCpltCallback
                0x08005b14       0xc4 ../../../../Desktop/DaisyExamples/libDaisy//build\libdaisy.a(spi.o)
                0x08005b14                HAL_SPI_RxCpltCallback
 .text.HAL_SPI_TxRxCpltCallback
                0x08005bd8       0xc4 ../../../../Desktop/DaisyExamples/libDaisy//build\libdaisy.a(spi.o)
                0x08005bd8                HAL_SPI_TxRxCpltCallback
 .text.HAL_SPI_ErrorCallback
                0x08005c9c       0xc8 ../../../../Desktop/DaisyExamples/libDaisy//build\libdaisy.a(spi.o)
                0x08005c9c                HAL_SPI_ErrorCallback
 .text._ZN5daisy9SpiHandle4InitERKNS0_6ConfigE
                0x08005d64      0x110 ../../../../Desktop/DaisyExamples/libDaisy//build\libdaisy.a(spi.o)
                0x08005d64                daisy::SpiHandle::Init(daisy::SpiHandle::Config const&)
 .text._ZN5daisy9SpiHandle16BlockingTransmitEPhjm
                0x08005e74       0x14 ../../../../Desktop/DaisyExamples/libDaisy//build\libdaisy.a(spi.o)
                0x08005e74                daisy::SpiHandle::BlockingTransmit(unsigned char*, unsigned int, unsigned long)
 .text._ZN5daisy9SpiHandle11DmaTransmitEPhjPFvPvEPFvS2_NS0_6ResultEES2_
                0x08005e88       0x6c ../../../../Desktop/DaisyExamples/libDaisy//build\libdaisy.a(spi.o)
                0x08005e88                daisy::SpiHandle::DmaTransmit(unsigned char*, unsigned int, void (*)(void*), void (*)(void*, daisy::SpiHandle::Result), void*)
 .text.startup._GLOBAL__sub_I__Z19MapInstanceToHandleP11SPI_TypeDef
                0x08005ef4      0x1b0 ../../../../Desktop/DaisyExamples/libDaisy//build\libdaisy.a(spi.o)
 .text._ZN5daisy11TimerHandleD2Ev
                0x080060a4        0x4 ../../../../Desktop/DaisyExamples/libDaisy//build\libdaisy.a(system.o)
                0x080060a4                daisy::TimerHandle::~TimerHandle()
                0x080060a4                daisy::TimerHandle::~TimerHandle()
 .text.SysTick_Handler
                0x080060a8       0x10 ../../../../Desktop/DaisyExamples/libDaisy//build\libdaisy.a(system.o)
                0x080060a8                SysTick_Handler
 .text.OTG_HS_EP1_OUT_IRQHandler
                0x080060b8       0x24 ../../../../Desktop/DaisyExamples/libDaisy//build\libdaisy.a(system.o)
                0x080060b8                OTG_HS_EP1_OUT_IRQHandler
 .text.OTG_HS_EP1_IN_IRQHandler
                0x080060dc       0x24 ../../../../Desktop/DaisyExamples/libDaisy//build\libdaisy.a(system.o)
                0x080060dc                OTG_HS_EP1_IN_IRQHandler
 .text.OTG_HS_IRQHandler
                0x08006100       0x24 ../../../../Desktop/DaisyExamples/libDaisy//build\libdaisy.a(system.o)
                0x08006100                OTG_HS_IRQHandler
 .text.HardFault_Handler
                0x08006124       0xe0 ../../../../Desktop/DaisyExamples/libDaisy//build\libdaisy.a(system.o)
                0x08006124                HardFault_Handler
 .text._ZN5daisy6System5DelayEm
                0x08006204        0x4 ../../../../Desktop/DaisyExamples/libDaisy//build\libdaisy.a(system.o)
                0x08006204                daisy::System::Delay(unsigned long)
 .text._ZN5daisy6System10DelayTicksEm
                0x08006208        0xc ../../../../Desktop/DaisyExamples/libDaisy//build\libdaisy.a(system.o)
                0x08006208                daisy::System::DelayTicks(unsigned long)
 .text._ZN5daisy6System20GetBootloaderVersionEv
                0x08006214       0x34 ../../../../Desktop/DaisyExamples/libDaisy//build\libdaisy.a(system.o)
                0x08006214                daisy::System::GetBootloaderVersion()
 .text._ZN5daisy6System15ConfigureClocksEv
                0x08006248      0x194 ../../../../Desktop/DaisyExamples/libDaisy//build\libdaisy.a(system.o)
                0x08006248                daisy::System::ConfigureClocks()
 .text._ZN5daisy6System12ConfigureMpuEv
                0x080063dc       0x7c ../../../../Desktop/DaisyExamples/libDaisy//build\libdaisy.a(system.o)
                0x080063dc                daisy::System::ConfigureMpu()
 .text._ZN5daisy6System4InitERKNS0_6ConfigE
                0x08006458       0xec ../../../../Desktop/DaisyExamples/libDaisy//build\libdaisy.a(system.o)
                0x08006458                daisy::System::Init(daisy::System::Config const&)
 .text._ZN5daisy6System12GetPClk1FreqEv
                0x08006544        0x4 ../../../../Desktop/DaisyExamples/libDaisy//build\libdaisy.a(system.o)
                0x08006544                daisy::System::GetPClk1Freq()
 .text._ZN5daisy6System22GetProgramMemoryRegionEv
                0x08006548       0x78 ../../../../Desktop/DaisyExamples/libDaisy//build\libdaisy.a(system.o)
                0x08006548                daisy::System::GetProgramMemoryRegion()
 .text.startup._GLOBAL__sub_I__ZN5daisy9boot_infoE
                0x080065c0       0x1c ../../../../Desktop/DaisyExamples/libDaisy//build\libdaisy.a(system.o)
 .text.SystemInit
                0x080065dc       0x9c ../../../../Desktop/DaisyExamples/libDaisy//build\libdaisy.a(system_stm32h7xx.o)
                0x080065dc                SystemInit
 .text.dummy_rx_callback
                0x08006678        0x4 ../../../../Desktop/DaisyExamples/libDaisy//build\libdaisy.a(usbd_cdc_if.o)
                0x08006678                dummy_rx_callback
 .text.CDC_DeInit_FS
                0x0800667c        0x4 ../../../../Desktop/DaisyExamples/libDaisy//build\libdaisy.a(usbd_cdc_if.o)
 .text.CDC_Receive_FS
                0x08006680       0x2c ../../../../Desktop/DaisyExamples/libDaisy//build\libdaisy.a(usbd_cdc_if.o)
 .text.CDC_Receive_HS
                0x080066ac       0x2c ../../../../Desktop/DaisyExamples/libDaisy//build\libdaisy.a(usbd_cdc_if.o)
 .text.CDC_Init_FS
                0x080066d8       0x3c ../../../../Desktop/DaisyExamples/libDaisy//build\libdaisy.a(usbd_cdc_if.o)
 .text.CDC_Init_HS
                0x08006714       0x3c ../../../../Desktop/DaisyExamples/libDaisy//build\libdaisy.a(usbd_cdc_if.o)
 .text.CDC_Control_FS
                0x08006750       0x34 ../../../../Desktop/DaisyExamples/libDaisy//build\libdaisy.a(usbd_cdc_if.o)
 .text.CDC_Control_HS
                0x08006784       0x34 ../../../../Desktop/DaisyExamples/libDaisy//build\libdaisy.a(usbd_cdc_if.o)
 .text.CDC_DeInit_HS
                0x080067b8        0x4 ../../../../Desktop/DaisyExamples/libDaisy//build\libdaisy.a(usbd_cdc_if.o)
 .text.CDC_Transmit_FS
                0x080067bc       0x2c ../../../../Desktop/DaisyExamples/libDaisy//build\libdaisy.a(usbd_cdc_if.o)
                0x080067bc                CDC_Transmit_FS
 .text.HAL_PCD_MspInit
                0x080067e8      0x144 ../../../../Desktop/DaisyExamples/libDaisy//build\libdaisy.a(usbd_conf.o)
                0x080067e8                HAL_PCD_MspInit
 .text.HAL_PCD_SetupStageCallback
                0x0800692c        0xc ../../../../Desktop/DaisyExamples/libDaisy//build\libdaisy.a(usbd_conf.o)
                0x0800692c                HAL_PCD_SetupStageCallback
 .text.HAL_PCD_DataOutStageCallback
                0x08006938       0x14 ../../../../Desktop/DaisyExamples/libDaisy//build\libdaisy.a(usbd_conf.o)
                0x08006938                HAL_PCD_DataOutStageCallback
 .text.HAL_PCD_DataInStageCallback
                0x0800694c       0x14 ../../../../Desktop/DaisyExamples/libDaisy//build\libdaisy.a(usbd_conf.o)
                0x0800694c                HAL_PCD_DataInStageCallback
 .text.HAL_PCD_SOFCallback
                0x08006960        0x8 ../../../../Desktop/DaisyExamples/libDaisy//build\libdaisy.a(usbd_conf.o)
                0x08006960                HAL_PCD_SOFCallback
 .text.HAL_PCD_ResetCallback
                0x08006968       0x24 ../../../../Desktop/DaisyExamples/libDaisy//build\libdaisy.a(usbd_conf.o)
                0x08006968                HAL_PCD_ResetCallback
 .text.HAL_PCD_SuspendCallback
                0x0800698c       0x30 ../../../../Desktop/DaisyExamples/libDaisy//build\libdaisy.a(usbd_conf.o)
                0x0800698c                HAL_PCD_SuspendCallback
 .text.HAL_PCD_ResumeCallback
                0x080069bc        0x8 ../../../../Desktop/DaisyExamples/libDaisy//build\libdaisy.a(usbd_conf.o)
                0x080069bc                HAL_PCD_ResumeCallback
 .text.HAL_PCD_ISOOUTIncompleteCallback
                0x080069c4        0x8 ../../../../Desktop/DaisyExamples/libDaisy//build\libdaisy.a(usbd_conf.o)
                0x080069c4                HAL_PCD_ISOOUTIncompleteCallback
 .text.HAL_PCD_ISOINIncompleteCallback
                0x080069cc        0x8 ../../../../Desktop/DaisyExamples/libDaisy//build\libdaisy.a(usbd_conf.o)
                0x080069cc                HAL_PCD_ISOINIncompleteCallback
 .text.HAL_PCD_ConnectCallback
                0x080069d4        0x8 ../../../../Desktop/DaisyExamples/libDaisy//build\libdaisy.a(usbd_conf.o)
                0x080069d4                HAL_PCD_ConnectCallback
 .text.HAL_PCD_DisconnectCallback
                0x080069dc        0x8 ../../../../Desktop/DaisyExamples/libDaisy//build\libdaisy.a(usbd_conf.o)
                0x080069dc                HAL_PCD_DisconnectCallback
 .text.USBD_LL_Init
                0x080069e4       0xe4 ../../../../Desktop/DaisyExamples/libDaisy//build\libdaisy.a(usbd_conf.o)
                0x080069e4                USBD_LL_Init
 .text.USBD_LL_Start
                0x08006ac8       0x1c ../../../../Desktop/DaisyExamples/libDaisy//build\libdaisy.a(usbd_conf.o)
                0x08006ac8                USBD_LL_Start
 .text.USBD_LL_OpenEP
                0x08006ae4       0x24 ../../../../Desktop/DaisyExamples/libDaisy//build\libdaisy.a(usbd_conf.o)
                0x08006ae4                USBD_LL_OpenEP
 .text.USBD_LL_CloseEP
                0x08006b08       0x1c ../../../../Desktop/DaisyExamples/libDaisy//build\libdaisy.a(usbd_conf.o)
                0x08006b08                USBD_LL_CloseEP
 .text.USBD_LL_StallEP
                0x08006b24       0x1c ../../../../Desktop/DaisyExamples/libDaisy//build\libdaisy.a(usbd_conf.o)
                0x08006b24                USBD_LL_StallEP
 .text.USBD_LL_ClearStallEP
                0x08006b40       0x1c ../../../../Desktop/DaisyExamples/libDaisy//build\libdaisy.a(usbd_conf.o)
                0x08006b40                USBD_LL_ClearStallEP
 .text.USBD_LL_IsStallEP
                0x08006b5c       0x28 ../../../../Desktop/DaisyExamples/libDaisy//build\libdaisy.a(usbd_conf.o)
                0x08006b5c                USBD_LL_IsStallEP
 .text.USBD_LL_SetUSBAddress
                0x08006b84       0x1c ../../../../Desktop/DaisyExamples/libDaisy//build\libdaisy.a(usbd_conf.o)
                0x08006b84                USBD_LL_SetUSBAddress
 .text.USBD_LL_Transmit
                0x08006ba0       0x1c ../../../../Desktop/DaisyExamples/libDaisy//build\libdaisy.a(usbd_conf.o)
                0x08006ba0                USBD_LL_Transmit
 .text.USBD_LL_PrepareReceive
                0x08006bbc       0x1c ../../../../Desktop/DaisyExamples/libDaisy//build\libdaisy.a(usbd_conf.o)
                0x08006bbc                USBD_LL_PrepareReceive
 .text.USBD_LL_GetRxDataSize
                0x08006bd8        0x8 ../../../../Desktop/DaisyExamples/libDaisy//build\libdaisy.a(usbd_conf.o)
                0x08006bd8                USBD_LL_GetRxDataSize
 .text.USBD_HS_DeviceDescriptor
                0x08006be0        0xc ../../../../Desktop/DaisyExamples/libDaisy//build\libdaisy.a(usbd_desc.o)
                0x08006be0                USBD_HS_DeviceDescriptor
 .text.USBD_FS_DeviceDescriptor
                0x08006bec        0xc ../../../../Desktop/DaisyExamples/libDaisy//build\libdaisy.a(usbd_desc.o)
                0x08006bec                USBD_FS_DeviceDescriptor
 .text.USBD_FS_LangIDStrDescriptor
                0x08006bf8        0xc ../../../../Desktop/DaisyExamples/libDaisy//build\libdaisy.a(usbd_desc.o)
                0x08006bf8                USBD_FS_LangIDStrDescriptor
 .text.USBD_FS_ManufacturerStrDescriptor
                0x08006c04       0x1c ../../../../Desktop/DaisyExamples/libDaisy//build\libdaisy.a(usbd_desc.o)
                0x08006c04                USBD_FS_ManufacturerStrDescriptor
 .text.USBD_HS_ProductStrDescriptor
                0x08006c20       0x1c ../../../../Desktop/DaisyExamples/libDaisy//build\libdaisy.a(usbd_desc.o)
                0x08006c20                USBD_HS_ProductStrDescriptor
 .text.USBD_FS_ConfigStrDescriptor
                0x08006c3c       0x1c ../../../../Desktop/DaisyExamples/libDaisy//build\libdaisy.a(usbd_desc.o)
                0x08006c3c                USBD_FS_ConfigStrDescriptor
 .text.USBD_FS_InterfaceStrDescriptor
                0x08006c58       0x1c ../../../../Desktop/DaisyExamples/libDaisy//build\libdaisy.a(usbd_desc.o)
                0x08006c58                USBD_FS_InterfaceStrDescriptor
 .text.USBD_FS_ProductStrDescriptor
                0x08006c74       0x1c ../../../../Desktop/DaisyExamples/libDaisy//build\libdaisy.a(usbd_desc.o)
                0x08006c74                USBD_FS_ProductStrDescriptor
 .text.USBD_HS_LangIDStrDescriptor
                0x08006c90        0xc ../../../../Desktop/DaisyExamples/libDaisy//build\libdaisy.a(usbd_desc.o)
                0x08006c90                USBD_HS_LangIDStrDescriptor
 .text.USBD_HS_ManufacturerStrDescriptor
                0x08006c9c       0x1c ../../../../Desktop/DaisyExamples/libDaisy//build\libdaisy.a(usbd_desc.o)
                0x08006c9c                USBD_HS_ManufacturerStrDescriptor
 .text.USBD_FS_SerialStrDescriptor
                0x08006cb8      0x124 ../../../../Desktop/DaisyExamples/libDaisy//build\libdaisy.a(usbd_desc.o)
                0x08006cb8                USBD_FS_SerialStrDescriptor
 .text.USBD_HS_SerialStrDescriptor
                0x08006ddc      0x124 ../../../../Desktop/DaisyExamples/libDaisy//build\libdaisy.a(usbd_desc.o)
                0x08006ddc                USBD_HS_SerialStrDescriptor
 .text.USBD_HS_InterfaceStrDescriptor
                0x08006f00       0x1c ../../../../Desktop/DaisyExamples/libDaisy//build\libdaisy.a(usbd_desc.o)
                0x08006f00                USBD_HS_InterfaceStrDescriptor
 .text.USBD_HS_ConfigStrDescriptor
                0x08006f1c       0x1c ../../../../Desktop/DaisyExamples/libDaisy//build\libdaisy.a(usbd_desc.o)
                0x08006f1c                USBD_HS_ConfigStrDescriptor
 .text.HAL_HCD_SOF_Callback
                0x08006f38        0x8 ../../../../Desktop/DaisyExamples/libDaisy//build\libdaisy.a(usbh_conf.o)
                0x08006f38                HAL_HCD_SOF_Callback
 .text.HAL_HCD_Connect_Callback
                0x08006f40        0x8 ../../../../Desktop/DaisyExamples/libDaisy//build\libdaisy.a(usbh_conf.o)
                0x08006f40                HAL_HCD_Connect_Callback
 .text.HAL_HCD_Disconnect_Callback
                0x08006f48        0x8 ../../../../Desktop/DaisyExamples/libDaisy//build\libdaisy.a(usbh_conf.o)
                0x08006f48                HAL_HCD_Disconnect_Callback
 .text.HAL_HCD_HC_NotifyURBChange_Callback
                0x08006f50        0x4 ../../../../Desktop/DaisyExamples/libDaisy//build\libdaisy.a(usbh_conf.o)
                0x08006f50                HAL_HCD_HC_NotifyURBChange_Callback
 .text.HAL_HCD_PortEnabled_Callback
                0x08006f54        0x8 ../../../../Desktop/DaisyExamples/libDaisy//build\libdaisy.a(usbh_conf.o)
                0x08006f54                HAL_HCD_PortEnabled_Callback
 .text.HAL_HCD_PortDisabled_Callback
                0x08006f5c        0x8 ../../../../Desktop/DaisyExamples/libDaisy//build\libdaisy.a(usbh_conf.o)
                0x08006f5c                HAL_HCD_PortDisabled_Callback
 .text.USBH_LL_Stop
                0x08006f64       0x1c ../../../../Desktop/DaisyExamples/libDaisy//build\libdaisy.a(usbh_conf.o)
                0x08006f64                USBH_LL_Stop
 .text.dsy_hal_map_get_port
                0x08006f80       0x10 ../../../../Desktop/DaisyExamples/libDaisy//build\libdaisy.a(hal_map.o)
                0x08006f80                dsy_hal_map_get_port
 .text.dsy_hal_map_get_pin
                0x08006f90       0x10 ../../../../Desktop/DaisyExamples/libDaisy//build\libdaisy.a(hal_map.o)
                0x08006f90                dsy_hal_map_get_pin
 .text.dsy_hal_map_gpio_clk_enable
                0x08006fa0      0x150 ../../../../Desktop/DaisyExamples/libDaisy//build\libdaisy.a(hal_map.o)
                0x08006fa0                dsy_hal_map_gpio_clk_enable
 .text.HAL_MspInit
                0x080070f0        0x4 ../../../../Desktop/DaisyExamples/libDaisy//build\libdaisy.a(stm32h7xx_hal.o)
                0x080070f0                HAL_MspInit
 .text.HAL_InitTick
                0x080070f4       0x4c ../../../../Desktop/DaisyExamples/libDaisy//build\libdaisy.a(stm32h7xx_hal.o)
                0x080070f4                HAL_InitTick
 .text.HAL_Init
                0x08007140       0x60 ../../../../Desktop/DaisyExamples/libDaisy//build\libdaisy.a(stm32h7xx_hal.o)
                0x08007140                HAL_Init
 .text.HAL_IncTick
                0x080071a0       0x18 ../../../../Desktop/DaisyExamples/libDaisy//build\libdaisy.a(stm32h7xx_hal.o)
                0x080071a0                HAL_IncTick
 .text.HAL_GetTick
                0x080071b8        0xc ../../../../Desktop/DaisyExamples/libDaisy//build\libdaisy.a(stm32h7xx_hal.o)
                0x080071b8                HAL_GetTick
 .text.HAL_Delay
                0x080071c4       0x24 ../../../../Desktop/DaisyExamples/libDaisy//build\libdaisy.a(stm32h7xx_hal.o)
                0x080071c4                HAL_Delay
 .text.HAL_GetREVID
                0x080071e8        0xc ../../../../Desktop/DaisyExamples/libDaisy//build\libdaisy.a(stm32h7xx_hal.o)
                0x080071e8                HAL_GetREVID
 .text.HAL_NVIC_SetPriorityGrouping
                0x080071f4       0x24 ../../../../Desktop/DaisyExamples/libDaisy//build\libdaisy.a(stm32h7xx_hal_cortex.o)
                0x080071f4                HAL_NVIC_SetPriorityGrouping
 .text.HAL_NVIC_SetPriority
                0x08007218       0x7c ../../../../Desktop/DaisyExamples/libDaisy//build\libdaisy.a(stm32h7xx_hal_cortex.o)
                0x08007218                HAL_NVIC_SetPriority
 .text.HAL_NVIC_EnableIRQ
                0x08007294       0x1c ../../../../Desktop/DaisyExamples/libDaisy//build\libdaisy.a(stm32h7xx_hal_cortex.o)
                0x08007294                HAL_NVIC_EnableIRQ
 .text.HAL_NVIC_DisableIRQ
                0x080072b0       0x28 ../../../../Desktop/DaisyExamples/libDaisy//build\libdaisy.a(stm32h7xx_hal_cortex.o)
                0x080072b0                HAL_NVIC_DisableIRQ
 .text.HAL_SYSTICK_Config
                0x080072d8       0x2c ../../../../Desktop/DaisyExamples/libDaisy//build\libdaisy.a(stm32h7xx_hal_cortex.o)
                0x080072d8                HAL_SYSTICK_Config
 .text.HAL_MPU_Disable
                0x08007304       0x1c ../../../../Desktop/DaisyExamples/libDaisy//build\libdaisy.a(stm32h7xx_hal_cortex.o)
                0x08007304                HAL_MPU_Disable
 .text.HAL_MPU_Enable
                0x08007320       0x20 ../../../../Desktop/DaisyExamples/libDaisy//build\libdaisy.a(stm32h7xx_hal_cortex.o)
                0x08007320                HAL_MPU_Enable
 .text.HAL_MPU_ConfigRegion
                0x08007340       0x64 ../../../../Desktop/DaisyExamples/libDaisy//build\libdaisy.a(stm32h7xx_hal_cortex.o)
                0x08007340                HAL_MPU_ConfigRegion
 .text.HAL_SYSTICK_Callback
                0x080073a4        0x4 ../../../../Desktop/DaisyExamples/libDaisy//build\libdaisy.a(stm32h7xx_hal_cortex.o)
                0x080073a4                HAL_SYSTICK_Callback
 .text.HAL_SYSTICK_IRQHandler
                0x080073a8        0x8 ../../../../Desktop/DaisyExamples/libDaisy//build\libdaisy.a(stm32h7xx_hal_cortex.o)
                0x080073a8                HAL_SYSTICK_IRQHandler
 .text.DMA_CalcBaseAndBitshift
                0x080073b0       0xf4 ../../../../Desktop/DaisyExamples/libDaisy//build\libdaisy.a(stm32h7xx_hal_dma.o)
 .text.DMA_CalcDMAMUXChannelBaseAndMask
                0x080074a4       0xd8 ../../../../Desktop/DaisyExamples/libDaisy//build\libdaisy.a(stm32h7xx_hal_dma.o)
 .text.HAL_DMA_Init
                0x0800757c      0x37c ../../../../Desktop/DaisyExamples/libDaisy//build\libdaisy.a(stm32h7xx_hal_dma.o)
                0x0800757c                HAL_DMA_Init
 .text.HAL_DMA_Start_IT
                0x080078f8      0x240 ../../../../Desktop/DaisyExamples/libDaisy//build\libdaisy.a(stm32h7xx_hal_dma.o)
                0x080078f8                HAL_DMA_Start_IT
 .text.HAL_DMA_Abort_IT
                0x08007b38      0x134 ../../../../Desktop/DaisyExamples/libDaisy//build\libdaisy.a(stm32h7xx_hal_dma.o)
                0x08007b38                HAL_DMA_Abort_IT
 .text.HAL_DMA_IRQHandler
                0x08007c6c      0x6a0 ../../../../Desktop/DaisyExamples/libDaisy//build\libdaisy.a(stm32h7xx_hal_dma.o)
                0x08007c6c                HAL_DMA_IRQHandler
 .text.HAL_DMA_GetError
                0x0800830c        0x4 ../../../../Desktop/DaisyExamples/libDaisy//build\libdaisy.a(stm32h7xx_hal_dma.o)
                0x0800830c                HAL_DMA_GetError
 .text.HAL_GPIO_Init
                0x08008310      0x280 ../../../../Desktop/DaisyExamples/libDaisy//build\libdaisy.a(stm32h7xx_hal_gpio.o)
                0x08008310                HAL_GPIO_Init
 .text.HAL_GPIO_DeInit
                0x08008590      0x190 ../../../../Desktop/DaisyExamples/libDaisy//build\libdaisy.a(stm32h7xx_hal_gpio.o)
                0x08008590                HAL_GPIO_DeInit
 .text.HAL_GPIO_ReadPin
                0x08008720        0xc ../../../../Desktop/DaisyExamples/libDaisy//build\libdaisy.a(stm32h7xx_hal_gpio.o)
                0x08008720                HAL_GPIO_ReadPin
 .text.HAL_GPIO_WritePin
                0x0800872c        0x8 ../../../../Desktop/DaisyExamples/libDaisy//build\libdaisy.a(stm32h7xx_hal_gpio.o)
                0x0800872c                HAL_GPIO_WritePin
 .text.HAL_HCD_IRQHandler
                0x08008734      0x780 ../../../../Desktop/DaisyExamples/libDaisy//build\libdaisy.a(stm32h7xx_hal_hcd.o)
                0x08008734                HAL_HCD_IRQHandler
 .text.HAL_HCD_Stop
                0x08008eb4       0x28 ../../../../Desktop/DaisyExamples/libDaisy//build\libdaisy.a(stm32h7xx_hal_hcd.o)
                0x08008eb4                HAL_HCD_Stop
 .text.I2C_WaitOnTXISFlagUntilTimeout
                0x08008edc       0xb8 ../../../../Desktop/DaisyExamples/libDaisy//build\libdaisy.a(stm32h7xx_hal_i2c.o)
 .text.I2C_WaitOnSTOPFlagUntilTimeout
                0x08008f94       0xac ../../../../Desktop/DaisyExamples/libDaisy//build\libdaisy.a(stm32h7xx_hal_i2c.o)
 .text.HAL_I2C_Init
                0x08009040       0xac ../../../../Desktop/DaisyExamples/libDaisy//build\libdaisy.a(stm32h7xx_hal_i2c.o)
                0x08009040                HAL_I2C_Init
 .text.HAL_I2C_Master_Transmit
                0x080090ec      0x1a8 ../../../../Desktop/DaisyExamples/libDaisy//build\libdaisy.a(stm32h7xx_hal_i2c.o)
                0x080090ec                HAL_I2C_Master_Transmit
 .text.HAL_I2C_Slave_Transmit
                0x08009294      0x1c8 ../../../../Desktop/DaisyExamples/libDaisy//build\libdaisy.a(stm32h7xx_hal_i2c.o)
                0x08009294                HAL_I2C_Slave_Transmit
 .text.HAL_I2C_EV_IRQHandler
                0x0800945c       0x10 ../../../../Desktop/DaisyExamples/libDaisy//build\libdaisy.a(stm32h7xx_hal_i2c.o)
                0x0800945c                HAL_I2C_EV_IRQHandler
 .text.HAL_I2C_GetState
                0x0800946c        0x8 ../../../../Desktop/DaisyExamples/libDaisy//build\libdaisy.a(stm32h7xx_hal_i2c.o)
                0x0800946c                HAL_I2C_GetState
 .text.HAL_I2CEx_ConfigAnalogFilter
                0x08009474       0x54 ../../../../Desktop/DaisyExamples/libDaisy//build\libdaisy.a(stm32h7xx_hal_i2c_ex.o)
                0x08009474                HAL_I2CEx_ConfigAnalogFilter
 .text.HAL_I2CEx_ConfigDigitalFilter
                0x080094c8       0x58 ../../../../Desktop/DaisyExamples/libDaisy//build\libdaisy.a(stm32h7xx_hal_i2c_ex.o)
                0x080094c8                HAL_I2CEx_ConfigDigitalFilter
 .text.HAL_PCD_Init
                0x08009520      0x12c ../../../../Desktop/DaisyExamples/libDaisy//build\libdaisy.a(stm32h7xx_hal_pcd.o)
                0x08009520                HAL_PCD_Init
 .text.HAL_PCD_Start
                0x0800964c       0x44 ../../../../Desktop/DaisyExamples/libDaisy//build\libdaisy.a(stm32h7xx_hal_pcd.o)
                0x0800964c                HAL_PCD_Start
 .text.HAL_PCD_IRQHandler
                0x08009690      0x69c ../../../../Desktop/DaisyExamples/libDaisy//build\libdaisy.a(stm32h7xx_hal_pcd.o)
                0x08009690                HAL_PCD_IRQHandler
 .text.HAL_PCD_SetAddress
                0x08009d2c       0x2c ../../../../Desktop/DaisyExamples/libDaisy//build\libdaisy.a(stm32h7xx_hal_pcd.o)
                0x08009d2c                HAL_PCD_SetAddress
 .text.HAL_PCD_EP_Open
                0x08009d58       0x7c ../../../../Desktop/DaisyExamples/libDaisy//build\libdaisy.a(stm32h7xx_hal_pcd.o)
                0x08009d58                HAL_PCD_EP_Open
 .text.HAL_PCD_EP_Close
                0x08009dd4       0x6c ../../../../Desktop/DaisyExamples/libDaisy//build\libdaisy.a(stm32h7xx_hal_pcd.o)
                0x08009dd4                HAL_PCD_EP_Close
 .text.HAL_PCD_EP_Receive
                0x08009e40       0x50 ../../../../Desktop/DaisyExamples/libDaisy//build\libdaisy.a(stm32h7xx_hal_pcd.o)
                0x08009e40                HAL_PCD_EP_Receive
 .text.HAL_PCD_EP_GetRxCount
                0x08009e90       0x14 ../../../../Desktop/DaisyExamples/libDaisy//build\libdaisy.a(stm32h7xx_hal_pcd.o)
                0x08009e90                HAL_PCD_EP_GetRxCount
 .text.HAL_PCD_EP_Transmit
                0x08009ea4       0x50 ../../../../Desktop/DaisyExamples/libDaisy//build\libdaisy.a(stm32h7xx_hal_pcd.o)
                0x08009ea4                HAL_PCD_EP_Transmit
 .text.HAL_PCD_EP_SetStall
                0x08009ef4       0x88 ../../../../Desktop/DaisyExamples/libDaisy//build\libdaisy.a(stm32h7xx_hal_pcd.o)
                0x08009ef4                HAL_PCD_EP_SetStall
 .text.HAL_PCD_EP_ClrStall
                0x08009f7c       0x78 ../../../../Desktop/DaisyExamples/libDaisy//build\libdaisy.a(stm32h7xx_hal_pcd.o)
                0x08009f7c                HAL_PCD_EP_ClrStall
 .text.HAL_PCDEx_SetTxFiFo
                0x08009ff4       0x54 ../../../../Desktop/DaisyExamples/libDaisy//build\libdaisy.a(stm32h7xx_hal_pcd_ex.o)
                0x08009ff4                HAL_PCDEx_SetTxFiFo
 .text.HAL_PCDEx_SetRxFiFo
                0x0800a048        0xc ../../../../Desktop/DaisyExamples/libDaisy//build\libdaisy.a(stm32h7xx_hal_pcd_ex.o)
                0x0800a048                HAL_PCDEx_SetRxFiFo
 .text.HAL_PCDEx_ActivateLPM
                0x0800a054       0x30 ../../../../Desktop/DaisyExamples/libDaisy//build\libdaisy.a(stm32h7xx_hal_pcd_ex.o)
                0x0800a054                HAL_PCDEx_ActivateLPM
 .text.HAL_PCDEx_LPM_Callback
                0x0800a084        0x4 ../../../../Desktop/DaisyExamples/libDaisy//build\libdaisy.a(stm32h7xx_hal_pcd_ex.o)
                0x0800a084                HAL_PCDEx_LPM_Callback
 .text.HAL_PWREx_ConfigSupply
                0x0800a088       0x4c ../../../../Desktop/DaisyExamples/libDaisy//build\libdaisy.a(stm32h7xx_hal_pwr_ex.o)
                0x0800a088                HAL_PWREx_ConfigSupply
 .text.HAL_PWREx_EnableUSBVoltageDetector
                0x0800a0d4       0x10 ../../../../Desktop/DaisyExamples/libDaisy//build\libdaisy.a(stm32h7xx_hal_pwr_ex.o)
                0x0800a0d4                HAL_PWREx_EnableUSBVoltageDetector
 .text.QSPI_Config
                0x0800a0e4      0x174 ../../../../Desktop/DaisyExamples/libDaisy//build\libdaisy.a(stm32h7xx_hal_qspi.o)
 .text.HAL_QSPI_Init
                0x0800a258       0xd8 ../../../../Desktop/DaisyExamples/libDaisy//build\libdaisy.a(stm32h7xx_hal_qspi.o)
                0x0800a258                HAL_QSPI_Init
 .text.HAL_QSPI_DeInit
                0x0800a330       0x3c ../../../../Desktop/DaisyExamples/libDaisy//build\libdaisy.a(stm32h7xx_hal_qspi.o)
                0x0800a330                HAL_QSPI_DeInit
 .text.HAL_QSPI_Command
                0x0800a36c       0xd4 ../../../../Desktop/DaisyExamples/libDaisy//build\libdaisy.a(stm32h7xx_hal_qspi.o)
                0x0800a36c                HAL_QSPI_Command
 .text.HAL_QSPI_Transmit
                0x0800a440       0xfc ../../../../Desktop/DaisyExamples/libDaisy//build\libdaisy.a(stm32h7xx_hal_qspi.o)
                0x0800a440                HAL_QSPI_Transmit
 .text.HAL_QSPI_Receive
                0x0800a53c      0x108 ../../../../Desktop/DaisyExamples/libDaisy//build\libdaisy.a(stm32h7xx_hal_qspi.o)
                0x0800a53c                HAL_QSPI_Receive
 .text.HAL_QSPI_AutoPolling
                0x0800a644       0xf0 ../../../../Desktop/DaisyExamples/libDaisy//build\libdaisy.a(stm32h7xx_hal_qspi.o)
                0x0800a644                HAL_QSPI_AutoPolling
 .text.HAL_QSPI_MemoryMapped
                0x0800a734       0xc0 ../../../../Desktop/DaisyExamples/libDaisy//build\libdaisy.a(stm32h7xx_hal_qspi.o)
                0x0800a734                HAL_QSPI_MemoryMapped
 .text.HAL_QSPI_ErrorCallback
                0x0800a7f4        0x4 ../../../../Desktop/DaisyExamples/libDaisy//build\libdaisy.a(stm32h7xx_hal_qspi.o)
                0x0800a7f4                HAL_QSPI_ErrorCallback
 .text.QSPI_DMAAbortCplt
                0x0800a7f8       0x38 ../../../../Desktop/DaisyExamples/libDaisy//build\libdaisy.a(stm32h7xx_hal_qspi.o)
 .text.HAL_QSPI_AbortCpltCallback
                0x0800a830        0x4 ../../../../Desktop/DaisyExamples/libDaisy//build\libdaisy.a(stm32h7xx_hal_qspi.o)
                0x0800a830                HAL_QSPI_AbortCpltCallback
 .text.HAL_QSPI_CmdCpltCallback
                0x0800a834        0x4 ../../../../Desktop/DaisyExamples/libDaisy//build\libdaisy.a(stm32h7xx_hal_qspi.o)
                0x0800a834                HAL_QSPI_CmdCpltCallback
 .text.HAL_QSPI_RxCpltCallback
                0x0800a838        0x4 ../../../../Desktop/DaisyExamples/libDaisy//build\libdaisy.a(stm32h7xx_hal_qspi.o)
                0x0800a838                HAL_QSPI_RxCpltCallback
 .text.HAL_QSPI_TxCpltCallback
                0x0800a83c        0x4 ../../../../Desktop/DaisyExamples/libDaisy//build\libdaisy.a(stm32h7xx_hal_qspi.o)
                0x0800a83c                HAL_QSPI_TxCpltCallback
 .text.HAL_QSPI_FifoThresholdCallback
                0x0800a840        0x4 ../../../../Desktop/DaisyExamples/libDaisy//build\libdaisy.a(stm32h7xx_hal_qspi.o)
                0x0800a840                HAL_QSPI_FifoThresholdCallback
 .text.HAL_QSPI_StatusMatchCallback
                0x0800a844        0x4 ../../../../Desktop/DaisyExamples/libDaisy//build\libdaisy.a(stm32h7xx_hal_qspi.o)
                0x0800a844                HAL_QSPI_StatusMatchCallback
 .text.HAL_QSPI_TimeOutCallback
                0x0800a848        0x4 ../../../../Desktop/DaisyExamples/libDaisy//build\libdaisy.a(stm32h7xx_hal_qspi.o)
                0x0800a848                HAL_QSPI_TimeOutCallback
 .text.HAL_QSPI_IRQHandler
                0x0800a84c      0x210 ../../../../Desktop/DaisyExamples/libDaisy//build\libdaisy.a(stm32h7xx_hal_qspi.o)
                0x0800a84c                HAL_QSPI_IRQHandler
 .text.HAL_RCC_OscConfig
                0x0800aa5c      0x51c ../../../../Desktop/DaisyExamples/libDaisy//build\libdaisy.a(stm32h7xx_hal_rcc.o)
                0x0800aa5c                HAL_RCC_OscConfig
 .text.HAL_RCC_GetSysClockFreq
                0x0800af78      0x140 ../../../../Desktop/DaisyExamples/libDaisy//build\libdaisy.a(stm32h7xx_hal_rcc.o)
                0x0800af78                HAL_RCC_GetSysClockFreq
 .text.HAL_RCC_ClockConfig
                0x0800b0b8      0x234 ../../../../Desktop/DaisyExamples/libDaisy//build\libdaisy.a(stm32h7xx_hal_rcc.o)
                0x0800b0b8                HAL_RCC_ClockConfig
 .text.HAL_RCC_GetHCLKFreq
                0x0800b2ec       0x2c ../../../../Desktop/DaisyExamples/libDaisy//build\libdaisy.a(stm32h7xx_hal_rcc.o)
                0x0800b2ec                HAL_RCC_GetHCLKFreq
 .text.HAL_RCC_GetPCLK1Freq
                0x0800b318       0x38 ../../../../Desktop/DaisyExamples/libDaisy//build\libdaisy.a(stm32h7xx_hal_rcc.o)
                0x0800b318                HAL_RCC_GetPCLK1Freq
 .text.HAL_RCC_GetPCLK2Freq
                0x0800b350       0x38 ../../../../Desktop/DaisyExamples/libDaisy//build\libdaisy.a(stm32h7xx_hal_rcc.o)
                0x0800b350                HAL_RCC_GetPCLK2Freq
 .text.RCCEx_PLL2_Config
                0x0800b388       0xf4 ../../../../Desktop/DaisyExamples/libDaisy//build\libdaisy.a(stm32h7xx_hal_rcc_ex.o)
 .text.RCCEx_PLL3_Config
                0x0800b47c       0xf4 ../../../../Desktop/DaisyExamples/libDaisy//build\libdaisy.a(stm32h7xx_hal_rcc_ex.o)
 .text.HAL_RCCEx_PeriphCLKConfig
                0x0800b570      0xa7c ../../../../Desktop/DaisyExamples/libDaisy//build\libdaisy.a(stm32h7xx_hal_rcc_ex.o)
                0x0800b570                HAL_RCCEx_PeriphCLKConfig
 .text.HAL_RCCEx_GetD3PCLK1Freq
                0x0800bfec       0x24 ../../../../Desktop/DaisyExamples/libDaisy//build\libdaisy.a(stm32h7xx_hal_rcc_ex.o)
                0x0800bfec                HAL_RCCEx_GetD3PCLK1Freq
 .text.HAL_RCCEx_GetPLL2ClockFreq
                0x0800c010      0x17c ../../../../Desktop/DaisyExamples/libDaisy//build\libdaisy.a(stm32h7xx_hal_rcc_ex.o)
                0x0800c010                HAL_RCCEx_GetPLL2ClockFreq
 .text.HAL_RCCEx_GetPLL3ClockFreq
                0x0800c18c      0x17c ../../../../Desktop/DaisyExamples/libDaisy//build\libdaisy.a(stm32h7xx_hal_rcc_ex.o)
                0x0800c18c                HAL_RCCEx_GetPLL3ClockFreq
 .text.HAL_RCCEx_GetPLL1ClockFreq
                0x0800c308      0x17c ../../../../Desktop/DaisyExamples/libDaisy//build\libdaisy.a(stm32h7xx_hal_rcc_ex.o)
                0x0800c308                HAL_RCCEx_GetPLL1ClockFreq
 .text.HAL_RCCEx_GetPeriphCLKFreq
                0x0800c484      0x198 ../../../../Desktop/DaisyExamples/libDaisy//build\libdaisy.a(stm32h7xx_hal_rcc_ex.o)
                0x0800c484                HAL_RCCEx_GetPeriphCLKFreq
 .text.HAL_RCCEx_GetD1SysClockFreq
                0x0800c61c       0x2c ../../../../Desktop/DaisyExamples/libDaisy//build\libdaisy.a(stm32h7xx_hal_rcc_ex.o)
                0x0800c61c                HAL_RCCEx_GetD1SysClockFreq
 .text.HAL_SAI_Init.part.0
                0x0800c648      0x348 ../../../../Desktop/DaisyExamples/libDaisy//build\libdaisy.a(stm32h7xx_hal_sai.o)
 .text.HAL_SAI_InitProtocol
                0x0800c990      0x178 ../../../../Desktop/DaisyExamples/libDaisy//build\libdaisy.a(stm32h7xx_hal_sai.o)
                0x0800c990                HAL_SAI_InitProtocol
 .text.HAL_SAI_Transmit_DMA
                0x0800cb08      0x124 ../../../../Desktop/DaisyExamples/libDaisy//build\libdaisy.a(stm32h7xx_hal_sai.o)
                0x0800cb08                HAL_SAI_Transmit_DMA
 .text.HAL_SAI_Receive_DMA
                0x0800cc2c       0xd0 ../../../../Desktop/DaisyExamples/libDaisy//build\libdaisy.a(stm32h7xx_hal_sai.o)
                0x0800cc2c                HAL_SAI_Receive_DMA
 .text.HAL_SAI_TxCpltCallback
                0x0800ccfc        0x4 ../../../../Desktop/DaisyExamples/libDaisy//build\libdaisy.a(stm32h7xx_hal_sai.o)
                0x0800ccfc                HAL_SAI_TxCpltCallback
 .text.SAI_DMATxCplt
                0x0800cd00       0x64 ../../../../Desktop/DaisyExamples/libDaisy//build\libdaisy.a(stm32h7xx_hal_sai.o)
 .text.HAL_SAI_TxHalfCpltCallback
                0x0800cd64        0x4 ../../../../Desktop/DaisyExamples/libDaisy//build\libdaisy.a(stm32h7xx_hal_sai.o)
                0x0800cd64                HAL_SAI_TxHalfCpltCallback
 .text.SAI_DMATxHalfCplt
                0x0800cd68        0xc ../../../../Desktop/DaisyExamples/libDaisy//build\libdaisy.a(stm32h7xx_hal_sai.o)
 .text.SAI_DMARxCplt
                0x0800cd74       0x64 ../../../../Desktop/DaisyExamples/libDaisy//build\libdaisy.a(stm32h7xx_hal_sai.o)
 .text.SAI_DMARxHalfCplt
                0x0800cdd8        0xc ../../../../Desktop/DaisyExamples/libDaisy//build\libdaisy.a(stm32h7xx_hal_sai.o)
 .text.HAL_SAI_ErrorCallback
                0x0800cde4        0x4 ../../../../Desktop/DaisyExamples/libDaisy//build\libdaisy.a(stm32h7xx_hal_sai.o)
                0x0800cde4                HAL_SAI_ErrorCallback
 .text.SAI_DMAError
                0x0800cde8       0x6c ../../../../Desktop/DaisyExamples/libDaisy//build\libdaisy.a(stm32h7xx_hal_sai.o)
 .text.HAL_SDRAM_Init
                0x0800ce54       0x54 ../../../../Desktop/DaisyExamples/libDaisy//build\libdaisy.a(stm32h7xx_hal_sdram.o)
                0x0800ce54                HAL_SDRAM_Init
 .text.HAL_SDRAM_SendCommand
                0x0800cea8       0x40 ../../../../Desktop/DaisyExamples/libDaisy//build\libdaisy.a(stm32h7xx_hal_sdram.o)
                0x0800cea8                HAL_SDRAM_SendCommand
 .text.HAL_SDRAM_ProgramRefreshRate
                0x0800cee8       0x30 ../../../../Desktop/DaisyExamples/libDaisy//build\libdaisy.a(stm32h7xx_hal_sdram.o)
                0x0800cee8                HAL_SDRAM_ProgramRefreshRate
 .text.SPI_CloseTransfer
                0x0800cf18       0xb8 ../../../../Desktop/DaisyExamples/libDaisy//build\libdaisy.a(stm32h7xx_hal_spi.o)
 .text.HAL_SPI_Init
                0x0800cfd0      0x15c ../../../../Desktop/DaisyExamples/libDaisy//build\libdaisy.a(stm32h7xx_hal_spi.o)
                0x0800cfd0                HAL_SPI_Init
 .text.HAL_SPI_Transmit
                0x0800d12c      0x314 ../../../../Desktop/DaisyExamples/libDaisy//build\libdaisy.a(stm32h7xx_hal_spi.o)
                0x0800d12c                HAL_SPI_Transmit
 .text.HAL_SPI_Transmit_DMA
                0x0800d440      0x170 ../../../../Desktop/DaisyExamples/libDaisy//build\libdaisy.a(stm32h7xx_hal_spi.o)
                0x0800d440                HAL_SPI_Transmit_DMA
 .text.HAL_SPI_TransmitReceive_DMA
                0x0800d5b0      0x218 ../../../../Desktop/DaisyExamples/libDaisy//build\libdaisy.a(stm32h7xx_hal_spi.o)
                0x0800d5b0                HAL_SPI_TransmitReceive_DMA
 .text.HAL_SPI_Receive_DMA
                0x0800d7c8      0x1b4 ../../../../Desktop/DaisyExamples/libDaisy//build\libdaisy.a(stm32h7xx_hal_spi.o)
                0x0800d7c8                HAL_SPI_Receive_DMA
 .text.SPI_DMATransmitCplt
                0x0800d97c       0x28 ../../../../Desktop/DaisyExamples/libDaisy//build\libdaisy.a(stm32h7xx_hal_spi.o)
 .text.SPI_DMAReceiveCplt
                0x0800d9a4       0x28 ../../../../Desktop/DaisyExamples/libDaisy//build\libdaisy.a(stm32h7xx_hal_spi.o)
 .text.SPI_DMATransmitReceiveCplt
                0x0800d9cc       0x28 ../../../../Desktop/DaisyExamples/libDaisy//build\libdaisy.a(stm32h7xx_hal_spi.o)
 .text.HAL_SPI_TxHalfCpltCallback
                0x0800d9f4        0x4 ../../../../Desktop/DaisyExamples/libDaisy//build\libdaisy.a(stm32h7xx_hal_spi.o)
                0x0800d9f4                HAL_SPI_TxHalfCpltCallback
 .text.SPI_DMAHalfTransmitCplt
                0x0800d9f8        0xc ../../../../Desktop/DaisyExamples/libDaisy//build\libdaisy.a(stm32h7xx_hal_spi.o)
 .text.HAL_SPI_RxHalfCpltCallback
                0x0800da04        0x4 ../../../../Desktop/DaisyExamples/libDaisy//build\libdaisy.a(stm32h7xx_hal_spi.o)
                0x0800da04                HAL_SPI_RxHalfCpltCallback
 .text.SPI_DMAHalfReceiveCplt
                0x0800da08        0xc ../../../../Desktop/DaisyExamples/libDaisy//build\libdaisy.a(stm32h7xx_hal_spi.o)
 .text.HAL_SPI_TxRxHalfCpltCallback
                0x0800da14        0x4 ../../../../Desktop/DaisyExamples/libDaisy//build\libdaisy.a(stm32h7xx_hal_spi.o)
                0x0800da14                HAL_SPI_TxRxHalfCpltCallback
 .text.SPI_DMAHalfTransmitReceiveCplt
                0x0800da18        0xc ../../../../Desktop/DaisyExamples/libDaisy//build\libdaisy.a(stm32h7xx_hal_spi.o)
 .text.SPI_DMAError
                0x0800da24       0xd8 ../../../../Desktop/DaisyExamples/libDaisy//build\libdaisy.a(stm32h7xx_hal_spi.o)
 .text.HAL_SPI_IRQHandler
                0x0800dafc      0x23c ../../../../Desktop/DaisyExamples/libDaisy//build\libdaisy.a(stm32h7xx_hal_spi.o)
                0x0800dafc                HAL_SPI_IRQHandler
 .text.SPI_DMAAbortOnError
                0x0800dd38       0x1c ../../../../Desktop/DaisyExamples/libDaisy//build\libdaisy.a(stm32h7xx_hal_spi.o)
 .text.HAL_SPI_GetState
                0x0800dd54        0x8 ../../../../Desktop/DaisyExamples/libDaisy//build\libdaisy.a(stm32h7xx_hal_spi.o)
                0x0800dd54                HAL_SPI_GetState
 .text.FMC_SDRAM_Init
                0x0800dd5c       0x7c ../../../../Desktop/DaisyExamples/libDaisy//build\libdaisy.a(stm32h7xx_ll_fmc.o)
                0x0800dd5c                FMC_SDRAM_Init
 .text.FMC_SDRAM_Timing_Init
                0x0800ddd8       0x98 ../../../../Desktop/DaisyExamples/libDaisy//build\libdaisy.a(stm32h7xx_ll_fmc.o)
                0x0800ddd8                FMC_SDRAM_Timing_Init
 .text.FMC_SDRAM_SendCommand
                0x0800de70       0x28 ../../../../Desktop/DaisyExamples/libDaisy//build\libdaisy.a(stm32h7xx_ll_fmc.o)
                0x0800de70                FMC_SDRAM_SendCommand
 .text.FMC_SDRAM_ProgramRefreshRate
                0x0800de98       0x1c ../../../../Desktop/DaisyExamples/libDaisy//build\libdaisy.a(stm32h7xx_ll_fmc.o)
                0x0800de98                FMC_SDRAM_ProgramRefreshRate
 .text.USB_CoreInit
                0x0800deb4      0x124 ../../../../Desktop/DaisyExamples/libDaisy//build\libdaisy.a(stm32h7xx_ll_usb.o)
                0x0800deb4                USB_CoreInit
 .text.USB_SetTurnaroundTime
                0x0800dfd8      0x104 ../../../../Desktop/DaisyExamples/libDaisy//build\libdaisy.a(stm32h7xx_ll_usb.o)
                0x0800dfd8                USB_SetTurnaroundTime
 .text.USB_EnableGlobalInt
                0x0800e0dc       0x10 ../../../../Desktop/DaisyExamples/libDaisy//build\libdaisy.a(stm32h7xx_ll_usb.o)
                0x0800e0dc                USB_EnableGlobalInt
 .text.USB_DisableGlobalInt
                0x0800e0ec       0x10 ../../../../Desktop/DaisyExamples/libDaisy//build\libdaisy.a(stm32h7xx_ll_usb.o)
                0x0800e0ec                USB_DisableGlobalInt
 .text.USB_SetCurrentMode
                0x0800e0fc       0x30 ../../../../Desktop/DaisyExamples/libDaisy//build\libdaisy.a(stm32h7xx_ll_usb.o)
                0x0800e0fc                USB_SetCurrentMode
 .text.USB_DevInit
                0x0800e12c      0x20c ../../../../Desktop/DaisyExamples/libDaisy//build\libdaisy.a(stm32h7xx_ll_usb.o)
                0x0800e12c                USB_DevInit
 .text.USB_FlushTxFifo
                0x0800e338       0x34 ../../../../Desktop/DaisyExamples/libDaisy//build\libdaisy.a(stm32h7xx_ll_usb.o)
                0x0800e338                USB_FlushTxFifo
 .text.USB_GetDevSpeed
                0x0800e36c       0x24 ../../../../Desktop/DaisyExamples/libDaisy//build\libdaisy.a(stm32h7xx_ll_usb.o)
                0x0800e36c                USB_GetDevSpeed
 .text.USB_ActivateEndpoint
                0x0800e390       0x90 ../../../../Desktop/DaisyExamples/libDaisy//build\libdaisy.a(stm32h7xx_ll_usb.o)
                0x0800e390                USB_ActivateEndpoint
 .text.USB_DeactivateEndpoint
                0x0800e420       0x84 ../../../../Desktop/DaisyExamples/libDaisy//build\libdaisy.a(stm32h7xx_ll_usb.o)
                0x0800e420                USB_DeactivateEndpoint
 .text.USB_EPStartXfer
                0x0800e4a4      0x230 ../../../../Desktop/DaisyExamples/libDaisy//build\libdaisy.a(stm32h7xx_ll_usb.o)
                0x0800e4a4                USB_EPStartXfer
 .text.USB_EP0StartXfer
                0x0800e6d4      0x174 ../../../../Desktop/DaisyExamples/libDaisy//build\libdaisy.a(stm32h7xx_ll_usb.o)
                0x0800e6d4                USB_EP0StartXfer
 .text.USB_WritePacket
                0x0800e848       0x2c ../../../../Desktop/DaisyExamples/libDaisy//build\libdaisy.a(stm32h7xx_ll_usb.o)
                0x0800e848                USB_WritePacket
 .text.USB_ReadPacket
                0x0800e874       0x20 ../../../../Desktop/DaisyExamples/libDaisy//build\libdaisy.a(stm32h7xx_ll_usb.o)
                0x0800e874                USB_ReadPacket
 .text.USB_EPSetStall
                0x0800e894       0x68 ../../../../Desktop/DaisyExamples/libDaisy//build\libdaisy.a(stm32h7xx_ll_usb.o)
                0x0800e894                USB_EPSetStall
 .text.USB_EPClearStall
                0x0800e8fc       0x58 ../../../../Desktop/DaisyExamples/libDaisy//build\libdaisy.a(stm32h7xx_ll_usb.o)
                0x0800e8fc                USB_EPClearStall
 .text.USB_SetDevAddress
                0x0800e954       0x24 ../../../../Desktop/DaisyExamples/libDaisy//build\libdaisy.a(stm32h7xx_ll_usb.o)
                0x0800e954                USB_SetDevAddress
 .text.USB_DevConnect
                0x0800e978       0x1c ../../../../Desktop/DaisyExamples/libDaisy//build\libdaisy.a(stm32h7xx_ll_usb.o)
                0x0800e978                USB_DevConnect
 .text.USB_DevDisconnect
                0x0800e994       0x1c ../../../../Desktop/DaisyExamples/libDaisy//build\libdaisy.a(stm32h7xx_ll_usb.o)
                0x0800e994                USB_DevDisconnect
 .text.USB_ReadInterrupts
                0x0800e9b0       0x14 ../../../../Desktop/DaisyExamples/libDaisy//build\libdaisy.a(stm32h7xx_ll_usb.o)
                0x0800e9b0                USB_ReadInterrupts
 .text.USB_ReadDevAllOutEpInterrupt
                0x0800e9c4       0x1c ../../../../Desktop/DaisyExamples/libDaisy//build\libdaisy.a(stm32h7xx_ll_usb.o)
                0x0800e9c4                USB_ReadDevAllOutEpInterrupt
 .text.USB_ReadDevAllInEpInterrupt
                0x0800e9e0       0x1c ../../../../Desktop/DaisyExamples/libDaisy//build\libdaisy.a(stm32h7xx_ll_usb.o)
                0x0800e9e0                USB_ReadDevAllInEpInterrupt
 .text.USB_ReadDevOutEPInterrupt
                0x0800e9fc       0x1c ../../../../Desktop/DaisyExamples/libDaisy//build\libdaisy.a(stm32h7xx_ll_usb.o)
                0x0800e9fc                USB_ReadDevOutEPInterrupt
 .text.USB_ReadDevInEPInterrupt
                0x0800ea18       0x38 ../../../../Desktop/DaisyExamples/libDaisy//build\libdaisy.a(stm32h7xx_ll_usb.o)
                0x0800ea18                USB_ReadDevInEPInterrupt
 .text.USB_GetMode
                0x0800ea50        0x8 ../../../../Desktop/DaisyExamples/libDaisy//build\libdaisy.a(stm32h7xx_ll_usb.o)
                0x0800ea50                USB_GetMode
 .text.USB_ActivateSetup
                0x0800ea58       0x38 ../../../../Desktop/DaisyExamples/libDaisy//build\libdaisy.a(stm32h7xx_ll_usb.o)
                0x0800ea58                USB_ActivateSetup
 .text.USB_EP0_OutStart
                0x0800ea90       0x58 ../../../../Desktop/DaisyExamples/libDaisy//build\libdaisy.a(stm32h7xx_ll_usb.o)
                0x0800ea90                USB_EP0_OutStart
 .text.USB_InitFSLSPClkSel
                0x0800eae8       0x44 ../../../../Desktop/DaisyExamples/libDaisy//build\libdaisy.a(stm32h7xx_ll_usb.o)
                0x0800eae8                USB_InitFSLSPClkSel
 .text.USB_HC_ReadInterrupt
                0x0800eb2c        0x8 ../../../../Desktop/DaisyExamples/libDaisy//build\libdaisy.a(stm32h7xx_ll_usb.o)
                0x0800eb2c                USB_HC_ReadInterrupt
 .text.USB_HC_Halt
                0x0800eb34       0xc0 ../../../../Desktop/DaisyExamples/libDaisy//build\libdaisy.a(stm32h7xx_ll_usb.o)
                0x0800eb34                USB_HC_Halt
 .text.USB_StopHost
                0x0800ebf4      0x2ec ../../../../Desktop/DaisyExamples/libDaisy//build\libdaisy.a(stm32h7xx_ll_usb.o)
                0x0800ebf4                USB_StopHost
 .text.USBD_CDC_EP0_RxReady
                0x0800eee0       0x2c ../../../../Desktop/DaisyExamples/libDaisy//build\libdaisy.a(usbd_cdc.o)
 .text.USBD_CDC_GetFSCfgDesc
                0x0800ef0c       0x24 ../../../../Desktop/DaisyExamples/libDaisy//build\libdaisy.a(usbd_cdc.o)
 .text.USBD_CDC_GetHSCfgDesc
                0x0800ef30       0x24 ../../../../Desktop/DaisyExamples/libDaisy//build\libdaisy.a(usbd_cdc.o)
 .text.USBD_CDC_GetOtherSpeedCfgDesc
                0x0800ef54       0x24 ../../../../Desktop/DaisyExamples/libDaisy//build\libdaisy.a(usbd_cdc.o)
 .text.USBD_CDC_GetDeviceQualifierDescriptor
                0x0800ef78       0x10 ../../../../Desktop/DaisyExamples/libDaisy//build\libdaisy.a(usbd_cdc.o)
                0x0800ef78                USBD_CDC_GetDeviceQualifierDescriptor
 .text.USBD_CDC_DataOut
                0x0800ef88       0x30 ../../../../Desktop/DaisyExamples/libDaisy//build\libdaisy.a(usbd_cdc.o)
 .text.USBD_CDC_DataIn
                0x0800efb8       0x50 ../../../../Desktop/DaisyExamples/libDaisy//build\libdaisy.a(usbd_cdc.o)
 .text.USBD_CDC_Setup
                0x0800f008       0xcc ../../../../Desktop/DaisyExamples/libDaisy//build\libdaisy.a(usbd_cdc.o)
 .text.USBD_CDC_DeInit
                0x0800f0d4       0x44 ../../../../Desktop/DaisyExamples/libDaisy//build\libdaisy.a(usbd_cdc.o)
 .text.USBD_CDC_Init
                0x0800f118       0x94 ../../../../Desktop/DaisyExamples/libDaisy//build\libdaisy.a(usbd_cdc.o)
 .text.USBD_CDC_RegisterInterface
                0x0800f1ac       0x10 ../../../../Desktop/DaisyExamples/libDaisy//build\libdaisy.a(usbd_cdc.o)
                0x0800f1ac                USBD_CDC_RegisterInterface
 .text.USBD_CDC_SetTxBuffer
                0x0800f1bc       0x14 ../../../../Desktop/DaisyExamples/libDaisy//build\libdaisy.a(usbd_cdc.o)
                0x0800f1bc                USBD_CDC_SetTxBuffer
 .text.USBD_CDC_SetRxBuffer
                0x0800f1d0       0x10 ../../../../Desktop/DaisyExamples/libDaisy//build\libdaisy.a(usbd_cdc.o)
                0x0800f1d0                USBD_CDC_SetRxBuffer
 .text.USBD_CDC_TransmitPacket
                0x0800f1e0       0x34 ../../../../Desktop/DaisyExamples/libDaisy//build\libdaisy.a(usbd_cdc.o)
                0x0800f1e0                USBD_CDC_TransmitPacket
 .text.USBD_CDC_ReceivePacket
                0x0800f214       0x38 ../../../../Desktop/DaisyExamples/libDaisy//build\libdaisy.a(usbd_cdc.o)
                0x0800f214                USBD_CDC_ReceivePacket
 .text.USBD_Init
                0x0800f24c       0x44 ../../../../Desktop/DaisyExamples/libDaisy//build\libdaisy.a(usbd_core.o)
                0x0800f24c                USBD_Init
 .text.USBD_RegisterClass
                0x0800f290       0x2c ../../../../Desktop/DaisyExamples/libDaisy//build\libdaisy.a(usbd_core.o)
                0x0800f290                USBD_RegisterClass
 .text.USBD_Start
                0x0800f2bc        0xc ../../../../Desktop/DaisyExamples/libDaisy//build\libdaisy.a(usbd_core.o)
                0x0800f2bc                USBD_Start
 .text.USBD_SetClassConfig
                0x0800f2c8       0x14 ../../../../Desktop/DaisyExamples/libDaisy//build\libdaisy.a(usbd_core.o)
                0x0800f2c8                USBD_SetClassConfig
 .text.USBD_ClrClassConfig
                0x0800f2dc       0x10 ../../../../Desktop/DaisyExamples/libDaisy//build\libdaisy.a(usbd_core.o)
                0x0800f2dc                USBD_ClrClassConfig
 .text.USBD_LL_SetupStage
                0x0800f2ec       0x5c ../../../../Desktop/DaisyExamples/libDaisy//build\libdaisy.a(usbd_core.o)
                0x0800f2ec                USBD_LL_SetupStage
 .text.USBD_LL_DataOutStage
                0x0800f348       0x7c ../../../../Desktop/DaisyExamples/libDaisy//build\libdaisy.a(usbd_core.o)
                0x0800f348                USBD_LL_DataOutStage
 .text.USBD_LL_DataInStage
                0x0800f3c4       0xcc ../../../../Desktop/DaisyExamples/libDaisy//build\libdaisy.a(usbd_core.o)
                0x0800f3c4                USBD_LL_DataInStage
 .text.USBD_LL_Reset
                0x0800f490       0x50 ../../../../Desktop/DaisyExamples/libDaisy//build\libdaisy.a(usbd_core.o)
                0x0800f490                USBD_LL_Reset
 .text.USBD_LL_SetSpeed
                0x0800f4e0        0x8 ../../../../Desktop/DaisyExamples/libDaisy//build\libdaisy.a(usbd_core.o)
                0x0800f4e0                USBD_LL_SetSpeed
 .text.USBD_LL_Suspend
                0x0800f4e8       0x14 ../../../../Desktop/DaisyExamples/libDaisy//build\libdaisy.a(usbd_core.o)
                0x0800f4e8                USBD_LL_Suspend
 .text.USBD_LL_Resume
                0x0800f4fc       0x10 ../../../../Desktop/DaisyExamples/libDaisy//build\libdaisy.a(usbd_core.o)
                0x0800f4fc                USBD_LL_Resume
 .text.USBD_LL_SOF
                0x0800f50c       0x1c ../../../../Desktop/DaisyExamples/libDaisy//build\libdaisy.a(usbd_core.o)
                0x0800f50c                USBD_LL_SOF
 .text.USBD_LL_IsoINIncomplete
                0x0800f528        0x4 ../../../../Desktop/DaisyExamples/libDaisy//build\libdaisy.a(usbd_core.o)
                0x0800f528                USBD_LL_IsoINIncomplete
 .text.USBD_LL_IsoOUTIncomplete
                0x0800f52c        0x4 ../../../../Desktop/DaisyExamples/libDaisy//build\libdaisy.a(usbd_core.o)
                0x0800f52c                USBD_LL_IsoOUTIncomplete
 .text.USBD_LL_DevConnected
                0x0800f530        0x4 ../../../../Desktop/DaisyExamples/libDaisy//build\libdaisy.a(usbd_core.o)
                0x0800f530                USBD_LL_DevConnected
 .text.USBD_LL_DevDisconnected
                0x0800f534       0x18 ../../../../Desktop/DaisyExamples/libDaisy//build\libdaisy.a(usbd_core.o)
                0x0800f534                USBD_LL_DevDisconnected
 .text.USBD_StdDevReq
                0x0800f54c      0x304 ../../../../Desktop/DaisyExamples/libDaisy//build\libdaisy.a(usbd_ctlreq.o)
                0x0800f54c                USBD_StdDevReq
 .text.USBD_StdItfReq
                0x0800f850       0x68 ../../../../Desktop/DaisyExamples/libDaisy//build\libdaisy.a(usbd_ctlreq.o)
                0x0800f850                USBD_StdItfReq
 .text.USBD_StdEPReq
                0x0800f8b8      0x13c ../../../../Desktop/DaisyExamples/libDaisy//build\libdaisy.a(usbd_ctlreq.o)
                0x0800f8b8                USBD_StdEPReq
 .text.USBD_ParseSetupRequest
                0x0800f9f4       0x28 ../../../../Desktop/DaisyExamples/libDaisy//build\libdaisy.a(usbd_ctlreq.o)
                0x0800f9f4                USBD_ParseSetupRequest
 .text.USBD_CtlError
                0x0800fa1c       0x18 ../../../../Desktop/DaisyExamples/libDaisy//build\libdaisy.a(usbd_ctlreq.o)
                0x0800fa1c                USBD_CtlError
 .text.USBD_GetString
                0x0800fa34       0x54 ../../../../Desktop/DaisyExamples/libDaisy//build\libdaisy.a(usbd_ctlreq.o)
                0x0800fa34                USBD_GetString
 .text.USBD_CtlSendData
                0x0800fa88       0x1c ../../../../Desktop/DaisyExamples/libDaisy//build\libdaisy.a(usbd_ioreq.o)
                0x0800fa88                USBD_CtlSendData
 .text.USBD_CtlContinueSendData
                0x0800faa4       0x14 ../../../../Desktop/DaisyExamples/libDaisy//build\libdaisy.a(usbd_ioreq.o)
                0x0800faa4                USBD_CtlContinueSendData
 .text.USBD_CtlPrepareRx
                0x0800fab8       0x1c ../../../../Desktop/DaisyExamples/libDaisy//build\libdaisy.a(usbd_ioreq.o)
                0x0800fab8                USBD_CtlPrepareRx
 .text.USBD_CtlContinueRx
                0x0800fad4       0x14 ../../../../Desktop/DaisyExamples/libDaisy//build\libdaisy.a(usbd_ioreq.o)
                0x0800fad4                USBD_CtlContinueRx
 .text.USBD_CtlSendStatus
                0x0800fae8       0x18 ../../../../Desktop/DaisyExamples/libDaisy//build\libdaisy.a(usbd_ioreq.o)
                0x0800fae8                USBD_CtlSendStatus
 .text.USBD_CtlReceiveStatus
                0x0800fb00       0x18 ../../../../Desktop/DaisyExamples/libDaisy//build\libdaisy.a(usbd_ioreq.o)
                0x0800fb00                USBD_CtlReceiveStatus
 .text.USBH_LL_IncTimer
                0x0800fb18       0x20 ../../../../Desktop/DaisyExamples/libDaisy//build\libdaisy.a(usbh_core.o)
                0x0800fb18                USBH_LL_IncTimer
 .text.USBH_LL_PortEnabled
                0x0800fb38        0x8 ../../../../Desktop/DaisyExamples/libDaisy//build\libdaisy.a(usbh_core.o)
                0x0800fb38                USBH_LL_PortEnabled
 .text.USBH_LL_PortDisabled
                0x0800fb40        0x8 ../../../../Desktop/DaisyExamples/libDaisy//build\libdaisy.a(usbh_core.o)
                0x0800fb40                USBH_LL_PortDisabled
 .text.USBH_LL_Connect
                0x0800fb48       0x18 ../../../../Desktop/DaisyExamples/libDaisy//build\libdaisy.a(usbh_core.o)
                0x0800fb48                USBH_LL_Connect
 .text.USBH_LL_Disconnect
                0x0800fb60       0x2c ../../../../Desktop/DaisyExamples/libDaisy//build\libdaisy.a(usbh_core.o)
                0x0800fb60                USBH_LL_Disconnect
 .text.USBH_FreePipe
                0x0800fb8c       0x18 ../../../../Desktop/DaisyExamples/libDaisy//build\libdaisy.a(usbh_pipes.o)
                0x0800fb8c                USBH_FreePipe
 .text._ZN5daisy6Random4InitEv
                0x0800fba4       0x3c ../../../../Desktop/DaisyExamples/libDaisy//build\libdaisy.a(rng.o)
                0x0800fba4                daisy::Random::Init()
 .text.HAL_TIM_Base_MspInit
                0x0800fbe0      0x1e0 ../../../../Desktop/DaisyExamples/libDaisy//build\libdaisy.a(tim.o)
                0x0800fbe0                HAL_TIM_Base_MspInit
 .text.HAL_TIM_PeriodElapsedCallback